Component: ARM Compiler 5.06 update 6 (build 750) Tool: armlink [4d35ed]

==============================================================================

Section Cross References

    main.o(i.iap_write_appbin) refers to stmflash.o(i.STMFLASH_Write) for STMFLASH_Write
    main.o(i.iap_write_appbin) refers to main.o(.bss) for iapbuf
    main.o(i.main) refers to _printf_percent.o(.ARM.Collect$$_printf_percent$$00000000) for _printf_percent
    main.o(i.main) refers to _printf_d.o(.ARM.Collect$$_printf_percent$$00000009) for _printf_d
    main.o(i.main) refers to _printf_dec.o(.text) for _printf_int_dec
    main.o(i.main) refers to stm32f1xx_hal.o(i.HAL_Init) for HAL_Init
    main.o(i.main) refers to sys.o(i.Stm32_Clock_Init) for Stm32_Clock_Init
    main.o(i.main) refers to delay.o(i.delay_init) for delay_init
    main.o(i.main) refers to usart.o(i.uart_init) for uart_init
    main.o(i.main) refers to led.o(i.LED_Init) for LED_Init
    main.o(i.main) refers to lcd.o(i.LCD_Init) for LCD_Init
    main.o(i.main) refers to rtc.o(i.RTC_Init) for RTC_Init
    main.o(i.main) refers to lcd.o(i.LCD_ShowString) for LCD_ShowString
    main.o(i.main) refers to delay.o(i.delay_ms) for delay_ms
    main.o(i.main) refers to noretval__2printf.o(.text) for __2printf
    main.o(i.main) refers to stm32f1xx_hal_flash_ex.o(i.FLASH_PageErase) for FLASH_PageErase
    main.o(i.main) refers to stm32f1xx_hal_flash.o(i.FLASH_WaitForLastOperation) for FLASH_WaitForLastOperation
    main.o(i.main) refers to stmflash.o(i.STMFLASH_Write) for STMFLASH_Write
    main.o(i.main) refers to main.o(i.iap_write_appbin) for iap_write_appbin
    main.o(i.main) refers to rt_memclr.o(.text) for __aeabi_memclr
    main.o(i.main) refers to stmflash.o(i.STMFLASH_Read) for STMFLASH_Read
    main.o(i.main) refers to main.o(i.ota_reboot) for ota_reboot
    main.o(i.main) refers to usmart_config.o(.data) for usmart_dev
    main.o(i.main) refers to lcd.o(.data) for POINT_COLOR
    main.o(i.main) refers to usart.o(.data) for USART_RX_CNT
    main.o(i.main) refers to main.o(.data) for tbootloader_info
    main.o(i.main) refers to usart.o(.bss) for USART_RX_BUF
    main.o(i.ota_reboot) refers to sys.o(i.INTX_DISABLE) for INTX_DISABLE
    main.o(i.ota_reboot) refers to stm32f1xx_hal_cortex.o(i.HAL_NVIC_SystemReset) for HAL_NVIC_SystemReset
    system_stm32f1xx.o(i.SystemCoreClockUpdate) refers to system_stm32f1xx.o(.data) for SystemCoreClock
    system_stm32f1xx.o(i.SystemCoreClockUpdate) refers to system_stm32f1xx.o(.constdata) for AHBPrescTable
    startup_stm32f103xe.o(STACK) refers (Special) to heapauxi.o(.text) for __use_two_region_memory
    startup_stm32f103xe.o(HEAP) refers (Special) to heapauxi.o(.text) for __use_two_region_memory
    startup_stm32f103xe.o(RESET) refers (Special) to heapauxi.o(.text) for __use_two_region_memory
    startup_stm32f103xe.o(RESET) refers to startup_stm32f103xe.o(STACK) for __initial_sp
    startup_stm32f103xe.o(RESET) refers to startup_stm32f103xe.o(.text) for Reset_Handler
    startup_stm32f103xe.o(RESET) refers to stm32f1xx_it.o(i.NMI_Handler) for NMI_Handler
    startup_stm32f103xe.o(RESET) refers to stm32f1xx_it.o(i.HardFault_Handler) for HardFault_Handler
    startup_stm32f103xe.o(RESET) refers to stm32f1xx_it.o(i.MemManage_Handler) for MemManage_Handler
    startup_stm32f103xe.o(RESET) refers to stm32f1xx_it.o(i.BusFault_Handler) for BusFault_Handler
    startup_stm32f103xe.o(RESET) refers to stm32f1xx_it.o(i.UsageFault_Handler) for UsageFault_Handler
    startup_stm32f103xe.o(RESET) refers to stm32f1xx_it.o(i.SVC_Handler) for SVC_Handler
    startup_stm32f103xe.o(RESET) refers to stm32f1xx_it.o(i.DebugMon_Handler) for DebugMon_Handler
    startup_stm32f103xe.o(RESET) refers to stm32f1xx_it.o(i.PendSV_Handler) for PendSV_Handler
    startup_stm32f103xe.o(RESET) refers to stm32f1xx_it.o(i.SysTick_Handler) for SysTick_Handler
    startup_stm32f103xe.o(RESET) refers to rtc.o(i.RTC_IRQHandler) for RTC_IRQHandler
    startup_stm32f103xe.o(RESET) refers to usmart.o(i.TIM4_IRQHandler) for TIM4_IRQHandler
    startup_stm32f103xe.o(RESET) refers to usart.o(i.USART1_IRQHandler) for USART1_IRQHandler
    startup_stm32f103xe.o(.text) refers (Special) to heapauxi.o(.text) for __use_two_region_memory
    startup_stm32f103xe.o(.text) refers to system_stm32f1xx.o(i.SystemInit) for SystemInit
    startup_stm32f103xe.o(.text) refers to __main.o(!!!main) for __main
    startup_stm32f103xe.o(.text) refers to startup_stm32f103xe.o(HEAP) for Heap_Mem
    startup_stm32f103xe.o(.text) refers to startup_stm32f103xe.o(STACK) for Stack_Mem
    stm32f1xx_hal.o(i.HAL_DeInit) refers to stm32f1xx_hal_msp.o(i.HAL_MspDeInit) for HAL_MspDeInit
    stm32f1xx_hal.o(i.HAL_Delay) refers to stm32f1xx_hal.o(i.HAL_GetTick) for HAL_GetTick
    stm32f1xx_hal.o(i.HAL_Delay) refers to stm32f1xx_hal.o(.data) for uwTickFreq
    stm32f1xx_hal.o(i.HAL_GetTick) refers to stm32f1xx_hal.o(.data) for uwTick
[...]
    .text                                    0x080106d0   Section        0  _printf_char_file.o(.text)
    .text                                    0x080106f4   Section       78  rt_memclr_w.o(.text)
    .text                                    0x08010744   Section        0  _printf_char_common.o(.text)
    _printf_input_char                       0x08010745   Thumb Code    10  _printf_char_common.o(.text)
    .text                                    0x08010774   Section        0  ferror.o(.text)
    .text                                    0x0801077c   Section       74  sys_stackheap_outer.o(.text)
    .text                                    0x080107c6   Section        0  exit.o(.text)
    .text                                    0x080107d8   Section        8  libspace.o(.text)
    i.BusFault_Handler                       0x080107e0   Section        0  stm32f1xx_it.o(i.BusFault_Handler)
    i.DebugMon_Handler                       0x080107e4   Section        0  stm32f1xx_it.o(i.DebugMon_Handler)
    i.FLASH_PageErase                        0x080107e8   Section        0  stm32f1xx_hal_flash_ex.o(i.FLASH_PageErase)
    i.FLASH_Program_HalfWord                 0x08010810   Section        0  stm32f1xx_hal_flash.o(i.FLASH_Program_HalfWord)
    FLASH_Program_HalfWord                   0x08010811   Thumb Code    22  stm32f1xx_hal_flash.o(i.FLASH_Program_HalfWord)
    i.FLASH_SetErrorCode                     0x08010830   Section        0  stm32f1xx_hal_flash.o(i.FLASH_SetErrorCode)
    FLASH_SetErrorCode                       0x08010831   Thumb Code   124  stm32f1xx_hal_flash.o(i.FLASH_SetErrorCode)
    i.FLASH_WaitForLastOperation             0x080108b4   Section        0  stm32f1xx_hal_flash.o(i.FLASH_WaitForLastOperation)
    i.FSMC_NORSRAM_Extended_Timing_Init      0x08010924   Section        0  stm32f1xx_ll_fsmc.o(i.FSMC_NORSRAM_Extended_Timing_Init)
    i.FSMC_NORSRAM_Init                      0x08010968   Section        0  stm32f1xx_ll_fsmc.o(i.FSMC_NORSRAM_Init)
    i.FSMC_NORSRAM_Timing_Init               0x080109d8   Section        0  stm32f1xx_ll_fsmc.o(i.FSMC_NORSRAM_Timing_Init)
    i.HAL_DMA_Abort_IT                       0x08010a1c   Section        0  stm32f1xx_hal_dma.o(i.HAL_DMA_Abort_IT)
    i.HAL_FLASH_Lock                         0x08010bc4   Section        0  stm32f1xx_hal_flash.o(i.HAL_FLASH_Lock)
    i.HAL_FLASH_Program                      0x08010bd8   Section        0  stm32f1xx_hal_flash.o(i.HAL_FLASH_Program)
    i.HAL_FLASH_Unlock                       0x08010c88   Section        0  stm32f1xx_hal_flash.o(i.HAL_FLASH_Unlock)
    i.HAL_GPIO_Init                          0x08010cb8   Section        0  stm32f1xx_hal_gpio.o(i.HAL_GPIO_Init)
    i.HAL_GPIO_WritePin                      0x08010ff8   Section        0  stm32f1xx_hal_gpio.o(i.HAL_GPIO_WritePin)
    i.HAL_GetTick                            0x08011004   Section        0  stm32f1xx_hal.o(i.HAL_GetTick)
    i.HAL_IncTick                            0x08011010   Section        0  stm32f1xx_hal.o(i.HAL_IncTick)
    i.HAL_Init                               0x08011028   Section        0  stm32f1xx_hal.o(i.HAL_Init)
    i.HAL_InitTick                           0x08011050   Section        0  stm32f1xx_hal.o(i.HAL_InitTick)
    i.HAL_MspInit                            0x0801109c   Section        0  stm32f1xx_hal_msp.o(i.HAL_MspInit)
    i.HAL_NVIC_EnableIRQ                     0x0801109e   Section        0  stm32f1xx_hal_cortex.o(i.HAL_NVIC_EnableIRQ)
    i.HAL_NVIC_SetPriority                   0x080110be   Section        0  stm32f1xx_hal_cortex.o(i.HAL_NVIC_SetPriority)
    i.HAL_NVIC_SetPriorityGrouping           0x0801113c   Section        0  stm32f1xx_hal_cortex.o(i.HAL_NVIC_SetPriorityGrouping)
    i.HAL_NVIC_SystemReset                   0x08011164   Section        0  stm32f1xx_hal_cortex.o(i.HAL_NVIC_SystemReset)
    i.HAL_PWR_EnableBkUpAccess               0x080111a8   Section        0  stm32f1xx_hal_pwr.o(i.HAL_PWR_EnableBkUpAccess)
    i.HAL_RCCEx_GetPeriphCLKFreq             0x080111b4   Section        0  stm32f1xx_hal_rcc_ex.o(i.HAL_RCCEx_GetPeriphCLKFreq)
    i.HAL_RCCEx_PeriphCLKConfig              0x080112e8   Section        0  stm32f1xx_hal_rcc_ex.o(i.HAL_RCCEx_PeriphCLKConfig)
    i.HAL_RCC_ClockConfig                    0x08011414   Section        0  stm32f1xx_hal_rcc.o(i.HAL_RCC_ClockConfig)
    i.HAL_RCC_GetHCLKFreq                    0x080115a0   Section        0  stm32f1xx_hal_rcc.o(i.HAL_RCC_GetHCLKFreq)
    i.HAL_RCC_GetPCLK1Freq                   0x080115ac   Section        0  stm32f1xx_hal_rcc.o(i.HAL_RCC_GetPCLK1Freq)
    i.HAL_RCC_GetPCLK2Freq                   0x080115cc   Section        0  stm32f1xx_hal_rcc.o(i.HAL_RCC_GetPCLK2Freq)
    i.HAL_RCC_GetSysClockFreq                0x080115ec   Section        0  stm32f1xx_hal_rcc.o(i.HAL_RCC_GetSysClockFreq)
    i.HAL_RCC_OscConfig                      0x08011680   Section        0  stm32f1xx_hal_rcc.o(i.HAL_RCC_OscConfig)
    i.HAL_RTCEx_BKUPRead                     0x08011ae4   Section        0  stm32f1xx_hal_rtc_ex.o(i.HAL_RTCEx_BKUPRead)
    i.HAL_RTCEx_BKUPWrite                    0x08011afc   Section        0  stm32f1xx_hal_rtc_ex.o(i.HAL_RTCEx_BKUPWrite)
    i.HAL_RTC_Init                           0x08011b14   Section        0  stm32f1xx_hal_rtc.o(i.HAL_RTC_Init)
    i.HAL_RTC_MspInit                        0x08011be4   Section        0  rtc.o(i.HAL_RTC_MspInit)
    i.HAL_RTC_WaitForSynchro                 0x08011c58   Section        0  stm32f1xx_hal_rtc.o(i.HAL_RTC_WaitForSynchro)
    i.HAL_SRAM_Init                          0x08011c98   Section        0  stm32f1xx_hal_sram.o(i.HAL_SRAM_Init)
    i.HAL_SRAM_MspInit                       0x08011cf8   Section        0  lcd.o(i.HAL_SRAM_MspInit)
    i.HAL_SYSTICK_CLKSourceConfig            0x08011db4   Section        0  stm32f1xx_hal_cortex.o(i.HAL_SYSTICK_CLKSourceConfig)
    i.HAL_SYSTICK_Config                     0x08011ddc   Section        0  stm32f1xx_hal_cortex.o(i.HAL_SYSTICK_Config)
    i.HAL_TIM_Base_Init                      0x08011e10   Section        0  stm32f1xx_hal_tim.o(i.HAL_TIM_Base_Init)
    i.HAL_TIM_Base_MspInit                   0x08011e44   Section        0  stm32f1xx_hal_tim.o(i.HAL_TIM_Base_MspInit)
    i.HAL_TIM_Base_Start_IT                  0x08011e46   Section        0  stm32f1xx_hal_tim.o(i.HAL_TIM_Base_Start_IT)
    i.HAL_UART_ErrorCallback                 0x08011e70   Section        0  stm32f1xx_hal_uart.o(i.HAL_UART_ErrorCallback)
    i.HAL_UART_IRQHandler                    0x08011e74   Section        0  stm32f1xx_hal_uart.o(i.HAL_UART_IRQHandler)
    i.HAL_UART_Init                          0x08011fc0   Section        0  stm32f1xx_hal_uart.o(i.HAL_UART_Init)
    i.HAL_UART_MspInit                       0x08012034   Section        0  usart.o(i.HAL_UART_MspInit)
    i.HAL_UART_Receive_IT                    0x080120dc   Section        0  stm32f1xx_hal_uart.o(i.HAL_UART_Receive_IT)
    i.HAL_UART_RxCpltCallback                0x0801214c   Section        0  stm32f1xx_hal_uart.o(i.HAL_UART_RxCpltCallback)
    i.HAL_UART_TxCpltCallback                0x0801214e   Section        0  stm32f1xx_hal_uart.o(i.HAL_UART_TxCpltCallback)
    i.HardFault_Handler                      0x08012150   Section        0  stm32f1xx_it.o(i.HardFault_Handler)
    i.INTX_DISABLE                           0x08012154   Section        0  sys.o(i.INTX_DISABLE)
    i.Is_Leap_Year                           0x08012158   Section        0  rtc.o(i.Is_Leap_Year)
    i.LCD_Clear                              0x08012194   Section        0  lcd.o(i.LCD_Clear)
    i.LCD_Display_Dir                        0x080121c8   Section        0  lcd.o(i.LCD_Display_Dir)
    i.LCD_Fast_DrawPoint                     0x08012328   Section        0  lcd.o(i.LCD_Fast_DrawPoint)
    i.LCD_Init                               0x08012430   Section        0  lcd.o(i.LCD_Init)
    i.LCD_RD_DATA                            0x0801489c   Section        0  lcd.o(i.LCD_RD_DATA)
    i.LCD_SSD_BackLightSet                   0x080148b0   Section        0  lcd.o(i.LCD_SSD_BackLightSet)
    i.LCD_Scan_Dir                           0x08014904   Section        0  lcd.o(i.LCD_Scan_Dir)
    i.LCD_SetCursor                          0x08014b78   Section        0  lcd.o(i.LCD_SetCursor)
    i.LCD_ShowChar                           0x08014cb0   Section        0  lcd.o(i.LCD_ShowChar)
    i.LCD_ShowString                         0x08014dec   Section        0  lcd.o(i.LCD_ShowString)
    i.LCD_WR_DATA                            0x08014e54   Section        0  lcd.o(i.LCD_WR_DATA)
    i.LCD_WR_REG                             0x08014e6c   Section        0  lcd.o(i.LCD_WR_REG)
    i.LCD_WriteRAM_Prepare                   0x08014e84   Section        0  lcd.o(i.LCD_WriteRAM_Prepare)
    i.LCD_WriteReg                           0x08014e98   Section        0  lcd.o(i.LCD_WriteReg)
    i.LED_Init                               0x08014ea8   Section        0  led.o(i.LED_Init)
    i.MemManage_Handler                      0x08014f28   Section        0  stm32f1xx_it.o(i.MemManage_Handler)
    i.NMI_Handler                            0x08014f2c   Section        0  stm32f1xx_it.o(i.NMI_Handler)
    i.PendSV_Handler                         0x08014f2e   Section        0  stm32f1xx_it.o(i.PendSV_Handler)
    i.RCC_Delay                              0x08014f30   Section        0  stm32f1xx_hal_rcc.o(i.RCC_Delay)
    RCC_Delay                                0x08014f31   Thumb Code    36  stm32f1xx_hal_rcc.o(i.RCC_Delay)
    i.RTC_Alarm_Set                          0x08014f58   Section        0  rtc.o(i.RTC_Alarm_Set)
    i.RTC_EnterInitMode                      0x08015068   Section        0  stm32f1xx_hal_rtc.o(i.RTC_EnterInitMode)
    RTC_EnterInitMode                        0x08015069   Thumb Code    58  stm32f1xx_hal_rtc.o(i.RTC_EnterInitMode)
    i.RTC_ExitInitMode                       0x080150a2   Section        0  stm32f1xx_hal_rtc.o(i.RTC_ExitInitMode)
    RTC_ExitInitMode                         0x080150a3   Thumb Code    58  stm32f1xx_hal_rtc.o(i.RTC_ExitInitMode)
    i.RTC_Get                                0x080150dc   Section        0  rtc.o(i.RTC_Get)
    i.RTC_Get_Week                           0x080151e4   Section        0  rtc.o(i.RTC_Get_Week)
    i.RTC_IRQHandler                         0x0801525c   Section        0  rtc.o(i.RTC_IRQHandler)
    i.RTC_Init                               0x080152c8   Section        0  rtc.o(i.RTC_Init)
    i.RTC_Set                                0x08015368   Section        0  rtc.o(i.RTC_Set)
    i.STMFLASH_Read                          0x0801547c   Section        0  stmflash.o(i.STMFLASH_Read)
    i.STMFLASH_ReadHalfWord                  0x0801549e   Section        0  stmflash.o(i.STMFLASH_ReadHalfWord)
    i.STMFLASH_Write                         0x080154a4   Section        0  stmflash.o(i.STMFLASH_Write)
    i.STMFLASH_Write_NoCheck                 0x080155ac   Section        0  stmflash.o(i.STMFLASH_Write_NoCheck)
    i.SVC_Handler                            0x080155d8   Section        0  stm32f1xx_it.o(i.SVC_Handler)
    i.Stm32_Clock_Init                       0x080155da   Section        0  sys.o(i.Stm32_Clock_Init)
    i.SysTick_Handler                        0x08015630   Section        0  stm32f1xx_it.o(i.SysTick_Handler)
    i.SystemInit                             0x08015638   Section        0  system_stm32f1xx.o(i.SystemInit)
    i.TIM4_IRQHandler                        0x08015690   Section        0  usmart.o(i.TIM4_IRQHandler)
    i.TIM_Base_SetConfig                     0x080156d4   Section        0  stm32f1xx_hal_tim.o(i.TIM_Base_SetConfig)
    i.Timer4_Init                            0x08015770   Section        0  usmart.o(i.Timer4_Init)
    i.UART_DMAAbortOnError                   0x080157cc   Section        0  stm32f1xx_hal_uart.o(i.UART_DMAAbortOnError)
    UART_DMAAbortOnError                     0x080157cd   Thumb Code    20  stm32f1xx_hal_uart.o(i.UART_DMAAbortOnError)
    i.UART_EndRxTransfer                     0x080157e0   Section        0  stm32f1xx_hal_uart.o(i.UART_EndRxTransfer)
    UART_EndRxTransfer                       0x080157e1   Thumb Code    32  stm32f1xx_hal_uart.o(i.UART_EndRxTransfer)
    i.UART_EndTransmit_IT                    0x08015800   Section        0  stm32f1xx_hal_uart.o(i.UART_EndTransmit_IT)
    UART_EndTransmit_IT                      0x08015801   Thumb Code    32  stm32f1xx_hal_uart.o(i.UART_EndTransmit_IT)
    i.UART_Receive_IT                        0x08015820   Section        0  stm32f1xx_hal_uart.o(i.UART_Receive_IT)
    UART_Receive_IT                          0x08015821   Thumb Code   166  stm32f1xx_hal_uart.o(i.UART_Receive_IT)
    i.UART_SetConfig                         0x080158c8   Section        0  stm32f1xx_hal_uart.o(i.UART_SetConfig)
    UART_SetConfig                           0x080158c9   Thumb Code   412  stm32f1xx_hal_uart.o(i.UART_SetConfig)
    i.UART_Transmit_IT                       0x08015a68   Section        0  stm32f1xx_hal_uart.o(i.UART_Transmit_IT)
    UART_Transmit_IT                         0x08015a69   Thumb Code   104  stm32f1xx_hal_uart.o(i.UART_Transmit_IT)
    i.USART1_IRQHandler                      0x08015ad0   Section        0  usart.o(i.USART1_IRQHandler)
    i.UsageFault_Handler                     0x08015b18   Section        0  stm32f1xx_it.o(i.UsageFault_Handler)
    i.__NVIC_GetPriorityGrouping             0x08015b1c   Section        0  stm32f1xx_hal_cortex.o(i.__NVIC_GetPriorityGrouping)
    __NVIC_GetPriorityGrouping               0x08015b1d   Thumb Code    10  stm32f1xx_hal_cortex.o(i.__NVIC_GetPriorityGrouping)
    i.__NVIC_SetPriority                     0x08015b2c   Section        0  stm32f1xx_hal_cortex.o(i.__NVIC_SetPriority)
    __NVIC_SetPriority                       0x08015b2d   Thumb Code    32  stm32f1xx_hal_cortex.o(i.__NVIC_SetPriority)
    i._is_digit                              0x08015b54   Section        0  __printf_wp.o(i._is_digit)
    i._sys_exit                              0x08015b62   Section        0  usart.o(i._sys_exit)
    i.delay_init                             0x08015b68   Section        0  delay.o(i.delay_init)
    i.delay_ms                               0x08015b7c   Section        0  delay.o(i.delay_ms)
    i.delay_us                               0x08015b94   Section        0  delay.o(i.delay_us)
    i.fputc                                  0x08015bdc   Section        0  usart.o(i.fputc)
    i.iap_write_appbin                       0x08015bf8   Section        0  main.o(i.iap_write_appbin)
    i.main                                   0x08015c60   Section        0  main.o(i.main)
    i.ota_reboot                             0x08015f24   Section        0  main.o(i.ota_reboot)
    i.read_addr                              0x08015f38   Section        0  usmart.o(i.read_addr)
    i.uart_init                              0x08015f40   Section        0  usart.o(i.uart_init)
    i.usmart_cmd_rec                         0x08015f78   Section        0  usmart.o(i.usmart_cmd_rec)
    i.usmart_exe                             0x08016028   Section        0  usmart.o(i.usmart_exe)
    i.usmart_get_aparm                       0x080162fc   Section        0  usmart_str.o(i.usmart_get_aparm)
    i.usmart_get_cmdname                     0x080163d0   Section        0  usmart_str.o(i.usmart_get_cmdname)
    i.usmart_get_fname                       0x08016408   Section        0  usmart_str.o(i.usmart_get_fname)
    i.usmart_get_fparam                      0x080165c8   Section        0  usmart_str.o(i.usmart_get_fparam)
    i.usmart_get_parmpos                     0x080166d4   Section        0  usmart_str.o(i.usmart_get_parmpos)
    i.usmart_get_runtime                     0x080166f4   Section        0  usmart.o(i.usmart_get_runtime)
    i.usmart_init                            0x08016738   Section        0  usmart.o(i.usmart_init)
    i.usmart_pow                             0x08016760   Section        0  usmart_str.o(i.usmart_pow)
    i.usmart_reset_runtime                   0x08016778   Section        0  usmart.o(i.usmart_reset_runtime)
    i.usmart_scan                            0x080167ac   Section        0  usmart.o(i.usmart_scan)
    i.usmart_search_nextc                    0x08016868   Section        0  usmart_str.o(i.usmart_search_nextc)
    i.usmart_str2num                         0x0801687e   Section        0  usmart_str.o(i.usmart_str2num)
    i.usmart_strcmp                          0x08016984   Section        0  usmart_str.o(i.usmart_strcmp)
    i.usmart_strcopy                         0x080169a6   Section        0  usmart_str.o(i.usmart_strcopy)
    i.usmart_strlen                          0x080169bc   Section        0  usmart_str.o(i.usmart_strlen)
    i.usmart_sys_cmd_exe                     0x080169d4   Section        0  usmart.o(i.usmart_sys_cmd_exe)
    i.write_addr                             0x080170c8   Section        0  usmart.o(i.write_addr)
    x$fpl$dfixu                              0x080170cc   Section       90  dfixu.o(x$fpl$dfixu)
    x$fpl$dfltu                              0x08017126   Section       38  dflt_clz.o(x$fpl$dfltu)
    x$fpl$dmul                               0x0801714c   Section      340  dmul.o(x$fpl$dmul)
    x$fpl$dnaninf                            0x080172a0   Section      156  dnaninf.o(x$fpl$dnaninf)
    x$fpl$dretinf                            0x0801733c   Section       12  dretinf.o(x$fpl$dretinf)
    .constdata                               0x08017348   Section       24  system_stm32f1xx.o(.constdata)
    x$fpl$usenofp                            0x08017348   Section        0  usenofp.o(x$fpl$usenofp)
    .constdata                               0x08017360   Section    18240  lcd.o(.constdata)
    .constdata                               0x0801baa0   Section       24  rtc.o(.constdata)
    .constdata                               0x0801bab8   Section       40  _printf_hex_int.o(.constdata)
    uc_hextab                                0x0801bab8   Data          20  _printf_hex_int.o(.constdata)
    lc_hextab                                0x0801bacc   Data          20  _printf_hex_int.o(.constdata)
    .constdata                               0x0801bae0   Section       17  __printf_flags_ss_wp.o(.constdata)
    maptable                                 0x0801bae0   Data          17  __printf_flags_ss_wp.o(.constdata)
    .conststring                             0x0801baf4   Section       40  usmart.o(.conststring)
    .conststring                             0x0801bb1c   Section      239  usmart_config.o(.conststring)
    .data                                    0x20000000   Section       14  main.o(.data)
    .data                                    0x20000010   Section        4  system_stm32f1xx.o(.data)
    .data                                    0x20000014   Section        9  stm32f1xx_hal.o(.data)
    .data                                    0x20000020   Section        4  delay.o(.data)
    fac_us                                   0x20000020   Data           4  delay.o(.data)
    .data                                    0x20000024   Section       13  usart.o(.data)
    .data                                    0x20000034   Section        8  lcd.o(.data)
    .data                                    0x2000003c   Section        2  rtc.o(.data)
    daycnt                                   0x2000003c   Data           2  rtc.o(.data)
    .data                                    0x20000040   Section       28  usmart.o(.data)
    .data                                    0x2000005c   Section      292  usmart_config.o(.data)
    .bss                                     0x20000180   Section     2048  main.o(.bss)
    .bss                                     0x20000980   Section       32  stm32f1xx_hal_flash.o(.bss)
    .bss                                     0x200009a0   Section    56384  usart.o(.bss)
    .bss                                     0x2000e5e0   Section       86  lcd.o(.bss)
    .bss                                     0x2000e638   Section       30  rtc.o(.bss)
    .bss                                     0x2000e656   Section     2048  stmflash.o(.bss)
    .bss                                     0x2000ee58   Section       64  usmart.o(.bss)
    .bss                                     0x2000ee98   Section       96  libspace.o(.bss)
    HEAP                                     0x2000eef8   Section      512  startup_stm32f103xe.o(HEAP)
    Heap_Mem                                 0x2000eef8   Data         512  startup_stm32f103xe.o(HEAP)
    STACK                                    0x2000f0f8   Section     1024  startup_stm32f103xe.o(STACK)
    Stack_Mem                                0x2000f0f8   Data        1024  startup_stm32f103xe.o(STACK)
    __initial_sp                             0x2000f4f8   Data           0  startup_stm32f103xe.o(STACK)

    Global Symbols

    Symbol Name                              Value     Ov Type        Size  Object(Section)

    BuildAttributes$$THM_ISAv4$P$D$K$B$S$PE$A:L22UL41UL21$X:L11$S22US41US21$IEEE1$IW$USESV6$~STKCKD$USESV7$~SHL$OSPACE$ROPI$EBA8$UX$STANDARDLIB$REQ8$PRES8$EABIv2 0x00000000   Number         0  anon$$obj.o ABSOLUTE
    __ARM_use_no_argv                        0x00000000   Number         0  main.o ABSOLUTE
    _printf_flags                            0x00000000   Number         0  printf_stubs.o ABSOLUTE
    _printf_return_value                     0x00000000   Number         0  printf_stubs.o ABSOLUTE
    _printf_sizespec                         0x00000000   Number         0  printf_stubs.o ABSOLUTE
    _printf_widthprec                        0x00000000   Number         0  printf_stubs.o ABSOLUTE
    __ARM_exceptions_init                     - Undefined Weak Reference
    __alloca_initialize                       - Undefined Weak Reference
    __arm_preinit_                            - Undefined Weak Reference
    __cpp_initialize__aeabi_                  - Undefined Weak Reference
    __cxa_finalize                            - Undefined Weak Reference
    __rt_locale                               - Undefined Weak Reference
    __sigvec_lookup                           - Undefined Weak Reference
    _atexit_init                              - Undefined Weak Reference
    _call_atexit_fns                          - Undefined Weak Reference
    _clock_init                               - Undefined Weak Reference
    _fp_trap_init                             - Undefined Weak Reference
    _fp_trap_shutdown                         - Undefined Weak Reference
    _get_lc_collate                           - Undefined Weak Reference
    _get_lc_ctype                             - Undefined Weak Reference
    _get_lc_monetary                          - Undefined Weak Reference
    _get_lc_numeric                           - Undefined Weak Reference
    _get_lc_time                              - Undefined Weak Reference
    _getenv_init                              - Undefined Weak Reference
    _handle_redirection                       - Undefined Weak Reference
    _init_alloc                               - Undefined Weak Reference
    _init_user_alloc                          - Undefined Weak Reference
    _initio                                   - Undefined Weak Reference
    _mutex_acquire                            - Undefined Weak Reference
    _mutex_release                            - Undefined Weak Reference
    _printf_mbtowc                            - Undefined Weak Reference
    _printf_truncate_signed                   - Undefined Weak Reference
    _printf_truncate_unsigned                 - Undefined Weak Reference
    _rand_init                                - Undefined Weak Reference
    _signal_finish                            - Undefined Weak Reference
    _signal_init                              - Undefined Weak Reference
    _terminate_alloc                          - Undefined Weak Reference
    _terminate_user_alloc                     - Undefined Weak Reference
    _terminateio                              - Undefined Weak Reference
    __Vectors_Size                           0x00000130   Number         0  startup_stm32f103xe.o ABSOLUTE
    __Vectors                                0x08010000   Data           4  startup_stm32f103xe.o(RESET)
    __Vectors_End                            0x08010130   Data           0  startup_stm32f103xe.o(RESET)
    __main                                   0x08010131   Thumb Code     8  __main.o(!!!main)
    __scatterload                            0x08010139   Thumb Code     0  __scatter.o(!!!scatter)
    __scatterload_rt2                        0x08010139   Thumb Code    44  __scatter.o(!!!scatter)
    __scatterload_rt2_thumb_only             0x08010139   Thumb Code     0  __scatter.o(!!!scatter)
    __scatterload_null                       0x08010147   Thumb Code     0  __scatter.o(!!!scatter)
    __decompress                             0x0801016d   Thumb Code    90  __dczerorl2.o(!!dczerorl2)
    __decompress1                            0x0801016d   Thumb Code     0  __dczerorl2.o(!!dczerorl2)
    __scatterload_zeroinit                   0x080101c9   Thumb Code    28  __scatter_zi.o(!!handler_zi)
    _printf_d                                0x080101e5   Thumb Code     0  _printf_d.o(.ARM.Collect$$_printf_percent$$00000009)
    _printf_percent                          0x080101e5   Thumb Code     0  _printf_percent.o(.ARM.Collect$$_printf_percent$$00000000)
    _printf_u                                0x080101eb   Thumb Code     0  _printf_u.o(.ARM.Collect$$_printf_percent$$0000000A)
    _printf_x                                0x080101f1   Thumb Code     0  _printf_x.o(.ARM.Collect$$_printf_percent$$0000000C)
    _printf_c                                0x080101f7   Thumb Code     0  _printf_c.o(.ARM.Collect$$_printf_percent$$00000013)
    _printf_s                                0x080101fd   Thumb Code     0  _printf_s.o(.ARM.Collect$$_printf_percent$$00000014)
    _printf_percent_end                      0x08010203   Thumb Code     0  _printf_percent_end.o(.ARM.Collect$$_printf_percent$$00000017)
    __rt_lib_init                            0x08010207   Thumb Code     0  libinit.o(.ARM.Collect$$libinit$$00000000)
    __rt_lib_init_alloca_1                   0x08010209   Thumb Code     0  libinit2.o(.ARM.Collect$$libinit$$0000002E)
    __rt_lib_init_argv_1                     0x08010209   Thumb Code     0  libinit2.o(.ARM.Collect$$libinit$$0000002C)
    __rt_lib_init_atexit_1                   0x08010209   Thumb Code     0  libinit2.o(.ARM.Collect$$libinit$$0000001B)
    __rt_lib_init_clock_1                    0x08010209   Thumb Code     0  libinit2.o(.ARM.Collect$$libinit$$00000021)
    __rt_lib_init_cpp_1                      0x08010209   Thumb Code     0  libinit2.o(.ARM.Collect$$libinit$$00000032)
    __rt_lib_init_exceptions_1               0x08010209   Thumb Code     0  libinit2.o(.ARM.Collect$$libinit$$00000030)
    __rt_lib_init_fp_1                       0x08010209   Thumb Code     0  libinit2.o(.ARM.Collect$$libinit$$00000002)
    __rt_lib_init_fp_trap_1                  0x08010209   Thumb Code     0  libinit2.o(.ARM.Collect$$libinit$$0000001F)
    __rt_lib_init_getenv_1                   0x08010209   Thumb Code     0  libinit2.o(.ARM.Collect$$libinit$$00000023)
    __rt_lib_init_heap_1                     0x08010209   Thumb Code     0  libinit2.o(.ARM.Collect$$libinit$$0000000A)
    __rt_lib_init_lc_collate_1               0x08010209   Thumb Code     0  libinit2.o(.ARM.Collect$$libinit$$00000011)
    __rt_lib_init_lc_ctype_1                 0x08010209   Thumb Code     0  libinit2.o(.ARM.Collect$$libinit$$00000013)
    __rt_lib_init_lc_monetary_1              0x08010209   Thumb Code     0  libinit2.o(.ARM.Collect$$libinit$$00000015)
    __rt_lib_init_lc_numeric_1               0x08010209   Thumb Code     0  libinit2.o(.ARM.Collect$$libinit$$00000017)
    __rt_lib_init_lc_time_1                  0x08010209   Thumb Code     0  libinit2.o(.ARM.Collect$$libinit$$00000019)
    __rt_lib_init_preinit_1                  0x08010209   Thumb Code     0  libinit2.o(.ARM.Collect$$libinit$$00000004)
    __rt_lib_init_rand_1                     0x08010209   Thumb Code     0  libinit2.o(.ARM.Collect$$libinit$$0000000E)
    __rt_lib_init_return                     0x08010209   Thumb Code     0  libinit2.o(.ARM.Collect$$libinit$$00000033)
    __rt_lib_init_signal_1                   0x08010209   Thumb Code     0  libinit2.o(.ARM.Collect$$libinit$$0000001D)
    __rt_lib_init_stdio_1                    0x08010209   Thumb Code     0  libinit2.o(.ARM.Collect$$libinit$$00000025)
    __rt_lib_init_user_alloc_1               0x08010209   Thumb Code     0  libinit2.o(.ARM.Collect$$libinit$$0000000C)
    __rt_lib_shutdown                        0x0801020b   Thumb Code     0  libshutdown.o(.ARM.Collect$$libshutdown$$00000000)
    __rt_lib_shutdown_cpp_1                  0x0801020d   Thumb Code     0  libshutdown2.o(.ARM.Collect$$libshutdown$$00000002)
    __rt_lib_shutdown_fp_trap_1              0x0801020d   Thumb Code     0  libshutdown2.o(.ARM.Collect$$libshutdown$$00000007)
    __rt_lib_shutdown_heap_1                 0x0801020d   Thumb Code     0  libshutdown2.o(.ARM.Collect$$libshutdown$$0000000F)
    __rt_lib_shutdown_return                 0x0801020d   Thumb Code     0  libshutdown2.o(.ARM.Collect$$libshutdown$$00000010)
    __rt_lib_shutdown_signal_1               0x0801020d   Thumb Code     0  libshutdown2.o(.ARM.Collect$$libshutdown$$0000000A)
    __rt_lib_shutdown_stdio_1                0x0801020d   Thumb Code     0  libshutdown2.o(.ARM.Collect$$libshutdown$$00000004)
    __rt_lib_shutdown_user_alloc_1           0x0801020d   Thumb Code     0  libshutdown2.o(.ARM.Collect$$libshutdown$$0000000C)
    __rt_entry                               0x0801020f   Thumb Code     0  __rtentry.o(.ARM.Collect$$rtentry$$00000000)
    __rt_entry_presh_1                       0x0801020f   Thumb Code     0  __rtentry2.o(.ARM.Collect$$rtentry$$00000002)
    __rt_entry_sh                            0x0801020f   Thumb Code     0  __rtentry4.o(.ARM.Collect$$rtentry$$00000004)
    __rt_entry_li                            0x08010215   Thumb Code     0  __rtentry2.o(.ARM.Collect$$rtentry$$0000000A)
    __rt_entry_postsh_1                      0x08010215   Thumb Code     0  __rtentry2.o(.ARM.Collect$$rtentry$$00000009)
    __rt_entry_main                          0x08010219   Thumb Code     0  __rtentry2.o(.ARM.Collect$$rtentry$$0000000D)
    __rt_entry_postli_1                      0x08010219   Thumb Code     0  __rtentry2.o(.ARM.Collect$$rtentry$$0000000C)
    __rt_exit                                0x08010221   Thumb Code     0  rtexit.o(.ARM.Collect$$rtexit$$00000000)
    __rt_exit_ls                             0x08010223   Thumb Code     0  rtexit2.o(.ARM.Collect$$rtexit$$00000003)
    __rt_exit_prels_1                        0x08010223   Thumb Code     0  rtexit2.o(.ARM.Collect$$rtexit$$00000002)
    __rt_exit_exit                           0x08010227   Thumb Code     0  rtexit2.o(.ARM.Collect$$rtexit$$00000004)
    Reset_Handler                            0x0801022d   Thumb Code     8  startup_stm32f103xe.o(.text)
    ADC1_2_IRQHandler                        0x08010247   Thumb Code     0  startup_stm32f103xe.o(.text)
    ADC3_IRQHandler                          0x08010247   Thumb Code     0  startup_stm32f103xe.o(.text)
    CAN1_RX1_IRQHandler                      0x08010247   Thumb Code     0  startup_stm32f103xe.o(.text)
    CAN1_SCE_IRQHandler                      0x08010247   Thumb Code     0  startup_stm32f103xe.o(.text)
    DMA1_Channel1_IRQHandler                 0x08010247   Thumb Code     0  startup_stm32f103xe.o(.text)
    DMA1_Channel2_IRQHandler                 0x08010247   Thumb Code     0  startup_stm32f103xe.o(.text)
    DMA1_Channel3_IRQHandler                 0x08010247   Thumb Code     0  startup_stm32f103xe.o(.text)
    DMA1_Channel4_IRQHandler                 0x08010247   Thumb Code     0  startup_stm32f103xe.o(.text)
    DMA1_Channel5_IRQHandler                 0x08010247   Thumb Code     0  startup_stm32f103xe.o(.text)
    DMA1_Channel6_IRQHandler                 0x08010247   Thumb Code     0  startup_stm32f103xe.o(.text)
    DMA1_Channel7_IRQHandler                 0x08010247   Thumb Code     0  startup_stm32f103xe.o(.text)
    DMA2_Channel1_IRQHandler                 0x08010247   Thumb Code     0  startup_stm32f103xe.o(.text)
    DMA2_Channel2_IRQHandler                 0x08010247   Thumb Code     0  startup_stm32f103xe.o(.text)
    DMA2_Channel3_IRQHandler                 0x08010247   Thumb Code     0  startup_stm32f103xe.o(.text)
    DMA2_Channel4_5_IRQHandler               0x08010247   Thumb Code     0  startup_stm32f103xe.o(.text)
    EXTI0_IRQHandler                         0x08010247   Thumb Code     0  startup_stm32f103xe.o(.text)
    EXTI15_10_IRQHandler                     0x08010247   Thumb Code     0  startup_stm32f103xe.o(.text)
    EXTI1_IRQHandler                         0x08010247   Thumb Code     0  startup_stm32f103xe.o(.text)
    EXTI2_IRQHandler                         0x08010247   Thumb Code     0  startup_stm32f103xe.o(.text)
    EXTI3_IRQHandler                         0x08010247   Thumb Code     0  startup_stm32f103xe.o(.text)
    EXTI4_IRQHandler                         0x08010247   Thumb Code     0  startup_stm32f103xe.o(.text)
    EXTI9_5_IRQHandler                       0x08010247   Thumb Code     0  startup_stm32f103xe.o(.text)
    FLASH_IRQHandler                         0x08010247   Thumb Code     0  startup_stm32f103xe.o(.text)
    FSMC_IRQHandler                          0x08010247   Thumb Code     0  startup_stm32f103xe.o(.text)
    I2C1_ER_IRQHandler                       0x08010247   Thumb Code     0  startup_stm32f103xe.o(.text)
    I2C1_EV_IRQHandler                       0x08010247   Thumb Code     0  startup_stm32f103xe.o(.text)
    I2C2_ER_IRQHandler                       0x08010247   Thumb Code     0  startup_stm32f103xe.o(.text)
    I2C2_EV_IRQHandler                       0x08010247   Thumb Code     0  startup_stm32f103xe.o(.text)
    PVD_IRQHandler                           0x08010247   Thumb Code     0  startup_stm32f103xe.o(.text)
    RCC_IRQHandler                           0x08010247   Thumb Code     0  startup_stm32f103xe.o(.text)
    RTC_Alarm_IRQHandler                     0x08010247   Thumb Code     0  startup_stm32f103xe.o(.text)
    SDIO_IRQHandler                          0x08010247   Thumb Code     0  startup_stm32f103xe.o(.text)
    SPI1_IRQHandler                          0x08010247   Thumb Code     0  startup_stm32f103xe.o(.text)
    SPI2_IRQHandler                          0x08010247   Thumb Code     0  startup_stm32f103xe.o(.text)
    SPI3_IRQHandler                          0x08010247   Thumb Code     0  startup_stm32f103xe.o(.text)
    TAMPER_IRQHandler                        0x08010247   Thumb Code     0  startup_stm32f103xe.o(.text)
    TIM1_BRK_IRQHandler                      0x08010247   Thumb Code     0  startup_stm32f103xe.o(.text)
    TIM1_CC_IRQHandler                       0x08010247   Thumb Code     0  startup_stm32f103xe.o(.text)
    TIM1_TRG_COM_IRQHandler                  0x08010247   Thumb Code     0  startup_stm32f103xe.o(.text)
    TIM1_UP_IRQHandler                       0x08010247   Thumb Code     0  startup_stm32f103xe.o(.text)
    TIM2_IRQHandler                          0x08010247   Thumb Code     0  startup_stm32f103xe.o(.text)
    TIM3_IRQHandler                          0x08010247   Thumb Code     0  startup_stm32f103xe.o(.text)
    TIM5_IRQHandler                          0x08010247   Thumb Code     0  startup_stm32f103xe.o(.text)
    TIM6_IRQHandler                          0x08010247   Thumb Code     0  startup_stm32f103xe.o(.text)
    TIM7_IRQHandler                          0x08010247   Thumb Code     0  startup_stm32f103xe.o(.text)
    TIM8_BRK_IRQHandler                      0x08010247   Thumb Code     0  startup_stm32f103xe.o(.text)
    TIM8_CC_IRQHandler                       0x08010247   Thumb Code     0  startup_stm32f103xe.o(.text)
    TIM8_TRG_COM_IRQHandler                  0x08010247   Thumb Code     0  startup_stm32f103xe.o(.text)
    TIM8_UP_IRQHandler                       0x08010247   Thumb Code     0  startup_stm32f103xe.o(.text)
    UART4_IRQHandler                         0x08010247   Thumb Code     0  startup_stm32f103xe.o(.text)
    UART5_IRQHandler                         0x08010247   Thumb Code     0  startup_stm32f103xe.o(.text)
    USART2_IRQHandler                        0x08010247   Thumb Code     0  startup_stm32f103xe.o(.text)
    USART3_IRQHandler                        0x08010247   Thumb Code     0  startup_stm32f103xe.o(.text)
    USBWakeUp_IRQHandler                     0x08010247   Thumb Code     0  startup_stm32f103xe.o(.text)
    USB_HP_CAN1_TX_IRQHandler                0x08010247   Thumb Code     0  startup_stm32f103xe.o(.text)
    USB_LP_CAN1_RX0_IRQHandler               0x08010247   Thumb Code     0  startup_stm32f103xe.o(.text)
    WWDG_IRQHandler                          0x08010247   Thumb Code     0  startup_stm32f103xe.o(.text)
    __user_initial_stackheap                 0x08010249   Thumb Code     0  startup_stm32f103xe.o(.text)
    __use_no_semihosting                     0x0801026d   Thumb Code     2  use_no_semi_2.o(.text)
    __aeabi_llsr                             0x0801026f   Thumb Code     0  llushr.o(.text)
    _ll_ushift_r                             0x0801026f   Thumb Code    38  llushr.o(.text)
    __2printf                                0x08010295   Thumb Code    20  noretval__2printf.o(.text)
    _printf_pre_padding                      0x080102ad   Thumb Code    44  _printf_pad.o(.text)
    _printf_post_padding                     0x080102d9   Thumb Code    34  _printf_pad.o(.text)
    _printf_str                              0x080102fb   Thumb Code    82  _printf_str.o(.text)
    _printf_int_dec                          0x0801034d   Thumb Code   104  _printf_dec.o(.text)
    _printf_int_hex                          0x080103c5   Thumb Code    84  _printf_hex_int.o(.text)
    _printf_longlong_hex                     0x080103c5   Thumb Code     0  _printf_hex_int.o(.text)
    __printf                                 0x0801041d   Thumb Code   388  __printf_flags_ss_wp.o(.text)
    __aeabi_memclr                           0x080105a5   Thumb Code     0  rt_memclr.o(.text)
    __rt_memclr                              0x080105a5   Thumb Code    68  rt_memclr.o(.text)
    _memset                                  0x080105a9   Thumb Code     0  rt_memclr.o(.text)
    __use_two_region_memory                  0x080105e9   Thumb Code     2  heapauxi.o(.text)
    __rt_heap_escrow$2region                 0x080105eb   Thumb Code     2  heapauxi.o(.text)
    __rt_heap_expand$2region                 0x080105ed   Thumb Code     2  heapauxi.o(.text)
    __I$use$semihosting                      0x080105ef   Thumb Code     0  use_no_semi.o(.text)
    __use_no_semihosting_swi                 0x080105ef   Thumb Code     2  use_no_semi.o(.text)
    _printf_int_common                       0x080105f1   Thumb Code   178  _printf_intcommon.o(.text)
    _printf_cs_common                        0x080106a3   Thumb Code    20  _printf_char.o(.text)
    _printf_char                             0x080106b7   Thumb Code    16  _printf_char.o(.text)
    _printf_string                           0x080106c7   Thumb Code     8  _printf_char.o(.text)
    _printf_char_file                        0x080106d1   Thumb Code    32  _printf_char_file.o(.text)
    __aeabi_memclr4                          0x080106f5   Thumb Code     0  rt_memclr_w.o(.text)
    __aeabi_memclr8                          0x080106f5   Thumb Code     0  rt_memclr_w.o(.text)
    __rt_memclr_w                            0x080106f5   Thumb Code    78  rt_memclr_w.o(.text)
    _memset_w                                0x080106f9   Thumb Code     0  rt_memclr_w.o(.text)
    _printf_char_common                      0x0801074f   Thumb Code    32  _printf_char_common.o(.text)
    ferror                                   0x08010775   Thumb Code     8  ferror.o(.text)
    __user_setup_stackheap                   0x0801077d   Thumb Code    74  sys_stackheap_outer.o(.text)
    exit                                     0x080107c7   Thumb Code    18  exit.o(.text)
    __user_libspace                          0x080107d9   Thumb Code     8  libspace.o(.text)
    __user_perproc_libspace                  0x080107d9   Thumb Code     0  libspace.o(.text)
    __user_perthread_libspace                0x080107d9   Thumb Code     0  libspace.o(.text)
    BusFault_Handler                         0x080107e1   Thumb Code     4  stm32f1xx_it.o(i.BusFault_Handler)
    DebugMon_Handler                         0x080107e5   Thumb Code     2  stm32f1xx_it.o(i.DebugMon_Handler)
    FLASH_PageErase                          0x080107e9   Thumb Code    32  stm32f1xx_hal_flash_ex.o(i.FLASH_PageErase)
    FLASH_WaitForLastOperation               0x080108b5   Thumb Code   106  stm32f1xx_hal_flash.o(i.FLASH_WaitForLastOperation)
    FSMC_NORSRAM_Extended_Timing_Init        0x08010925   Thumb Code    62  stm32f1xx_ll_fsmc.o(i.FSMC_NORSRAM_Extended_Timing_Init)
    FSMC_NORSRAM_Init                        0x08010969   Thumb Code   106  stm32f1xx_ll_fsmc.o(i.FSMC_NORSRAM_Init)
    FSMC_NORSRAM_Timing_Init                 0x080109d9   Thumb Code    66  stm32f1xx_ll_fsmc.o(i.FSMC_NORSRAM_Timing_Init)
    HAL_DMA_Abort_IT                         0x08010a1d   Thumb Code   414  stm32f1xx_hal_dma.o(i.HAL_DMA_Abort_IT)
    HAL_FLASH_Lock                           0x08010bc5   Thumb Code    16  stm32f1xx_hal_flash.o(i.HAL_FLASH_Lock)
    HAL_FLASH_Program                        0x08010bd9   Thumb Code   168  stm32f1xx_hal_flash.o(i.HAL_FLASH_Program)
    HAL_FLASH_Unlock                         0x08010c89   Thumb Code    36  stm32f1xx_hal_flash.o(i.HAL_FLASH_Unlock)
    HAL_GPIO_Init                            0x08010cb9   Thumb Code   792  stm32f1xx_hal_gpio.o(i.HAL_GPIO_Init)
    HAL_GPIO_WritePin                        0x08010ff9   Thumb Code    12  stm32f1xx_hal_gpio.o(i.HAL_GPIO_WritePin)
    HAL_GetTick                              0x08011005   Thumb Code     6  stm32f1xx_hal.o(i.HAL_GetTick)
    HAL_IncTick                              0x08011011   Thumb Code    16  stm32f1xx_hal.o(i.HAL_IncTick)
    HAL_Init                                 0x08011029   Thumb Code    34  stm32f1xx_hal.o(i.HAL_Init)
    HAL_InitTick                             0x08011051   Thumb Code    64  stm32f1xx_hal.o(i.HAL_InitTick)
    HAL_MspInit                              0x0801109d   Thumb Code     2  stm32f1xx_hal_msp.o(i.HAL_MspInit)
    HAL_NVIC_EnableIRQ                       0x0801109f   Thumb Code    32  stm32f1xx_hal_cortex.o(i.HAL_NVIC_EnableIRQ)
    HAL_NVIC_SetPriority                     0x080110bf   Thumb Code   124  stm32f1xx_hal_cortex.o(i.HAL_NVIC_SetPriority)
    HAL_NVIC_SetPriorityGrouping             0x0801113d   Thumb Code    32  stm32f1xx_hal_cortex.o(i.HAL_NVIC_SetPriorityGrouping)
    HAL_NVIC_SystemReset                     0x08011165   Thumb Code    60  stm32f1xx_hal_cortex.o(i.HAL_NVIC_SystemReset)
    HAL_PWR_EnableBkUpAccess                 0x080111a9   Thumb Code     8  stm32f1xx_hal_pwr.o(i.HAL_PWR_EnableBkUpAccess)
    HAL_RCCEx_GetPeriphCLKFreq               0x080111b5   Thumb Code   276  stm32f1xx_hal_rcc_ex.o(i.HAL_RCCEx_GetPeriphCLKFreq)
    HAL_RCCEx_PeriphCLKConfig                0x080112e9   Thumb Code   288  stm32f1xx_hal_rcc_ex.o(i.HAL_RCCEx_PeriphCLKConfig)
    HAL_RCC_ClockConfig                      0x08011415   Thumb Code   376  stm32f1xx_hal_rcc.o(i.HAL_RCC_ClockConfig)
    HAL_RCC_GetHCLKFreq                      0x080115a1   Thumb Code     6  stm32f1xx_hal_rcc.o(i.HAL_RCC_GetHCLKFreq)
    HAL_RCC_GetPCLK1Freq                     0x080115ad   Thumb Code    22  stm32f1xx_hal_rcc.o(i.HAL_RCC_GetPCLK1Freq)
    HAL_RCC_GetPCLK2Freq                     0x080115cd   Thumb Code    22  stm32f1xx_hal_rcc.o(i.HAL_RCC_GetPCLK2Freq)
    HAL_RCC_GetSysClockFreq                  0x080115ed   Thumb Code   116  stm32f1xx_hal_rcc.o(i.HAL_RCC_GetSysClockFreq)
    HAL_RCC_OscConfig                        0x08011681   Thumb Code  1114  stm32f1xx_hal_rcc.o(i.HAL_RCC_OscConfig)
    HAL_RTCEx_BKUPRead                       0x08011ae5   Thumb Code    20  stm32f1xx_hal_rtc_ex.o(i.HAL_RTCEx_BKUPRead)
    HAL_RTCEx_BKUPWrite                      0x08011afd   Thumb Code    18  stm32f1xx_hal_rtc_ex.o(i.HAL_RTCEx_BKUPWrite)
    HAL_RTC_Init                             0x08011b15   Thumb Code   202  stm32f1xx_hal_rtc.o(i.HAL_RTC_Init)
    HAL_RTC_MspInit                          0x08011be5   Thumb Code   108  rtc.o(i.HAL_RTC_MspInit)
    HAL_RTC_WaitForSynchro                   0x08011c59   Thumb Code    64  stm32f1xx_hal_rtc.o(i.HAL_RTC_WaitForSynchro)
    HAL_SRAM_Init                            0x08011c99   Thumb Code    94  stm32f1xx_hal_sram.o(i.HAL_SRAM_Init)
    HAL_SRAM_MspInit                         0x08011cf9   Thumb Code   170  lcd.o(i.HAL_SRAM_MspInit)
    HAL_SYSTICK_CLKSourceConfig              0x08011db5   Thumb Code    40  stm32f1xx_hal_cortex.o(i.HAL_SYSTICK_CLKSourceConfig)
    HAL_SYSTICK_Config                       0x08011ddd   Thumb Code    52  stm32f1xx_hal_cortex.o(i.HAL_SYSTICK_Config)
    HAL_TIM_Base_Init                        0x08011e11   Thumb Code    52  stm32f1xx_hal_tim.o(i.HAL_TIM_Base_Init)
    HAL_TIM_Base_MspInit                     0x08011e45   Thumb Code     2  stm32f1xx_hal_tim.o(i.HAL_TIM_Base_MspInit)
    HAL_TIM_Base_Start_IT                    0x08011e47   Thumb Code    42  stm32f1xx_hal_tim.o(i.HAL_TIM_Base_Start_IT)
    HAL_UART_ErrorCallback                   0x08011e71   Thumb Code     2  stm32f1xx_hal_uart.o(i.HAL_UART_ErrorCallback)
    HAL_UART_IRQHandler                      0x08011e75   Thumb Code   326  stm32f1xx_hal_uart.o(i.HAL_UART_IRQHandler)
    HAL_UART_Init                            0x08011fc1   Thumb Code   114  stm32f1xx_hal_uart.o(i.HAL_UART_Init)
    HAL_UART_MspInit                         0x08012035   Thumb Code   156  usart.o(i.HAL_UART_MspInit)
    HAL_UART_Receive_IT                      0x080120dd   Thumb Code   112  stm32f1xx_hal_uart.o(i.HAL_UART_Receive_IT)
    HAL_UART_RxCpltCallback                  0x0801214d   Thumb Code     2  stm32f1xx_hal_uart.o(i.HAL_UART_RxCpltCallback)
    HAL_UART_TxCpltCallback                  0x0801214f   Thumb Code     2  stm32f1xx_hal_uart.o(i.HAL_UART_TxCpltCallback)
    HardFault_Handler                        0x08012151   Thumb Code     4  stm32f1xx_it.o(i.HardFault_Handler)
    INTX_DISABLE                             0x08012155   Thumb Code     4  sys.o(i.INTX_DISABLE)
    Is_Leap_Year                             0x08012159   Thumb Code    58  rtc.o(i.Is_Leap_Year)
    LCD_Clear                                0x08012195   Thumb Code    42  lcd.o(i.LCD_Clear)
    LCD_Display_Dir                          0x080121c9   Thumb Code   346  lcd.o(i.LCD_Display_Dir)
    LCD_Fast_DrawPoint                       0x08012329   Thumb Code   256  lcd.o(i.LCD_Fast_DrawPoint)
    LCD_Init                                 0x08012431   Thumb Code  9310  lcd.o(i.LCD_Init)
    LCD_RD_DATA                              0x0801489d   Thumb Code    14  lcd.o(i.LCD_RD_DATA)
    LCD_SSD_BackLightSet                     0x080148b1   Thumb Code    80  lcd.o(i.LCD_SSD_BackLightSet)
    LCD_Scan_Dir                             0x08014905   Thumb Code   624  lcd.o(i.LCD_Scan_Dir)
    LCD_SetCursor                            0x08014b79   Thumb Code   306  lcd.o(i.LCD_SetCursor)
    LCD_ShowChar                             0x08014cb1   Thumb Code   288  lcd.o(i.LCD_ShowChar)
    LCD_ShowString                           0x08014ded   Thumb Code   102  lcd.o(i.LCD_ShowString)
    LCD_WR_DATA                              0x08014e55   Thumb Code    18  lcd.o(i.LCD_WR_DATA)
    LCD_WR_REG                               0x08014e6d   Thumb Code    18  lcd.o(i.LCD_WR_REG)
    LCD_WriteRAM_Prepare                     0x08014e85   Thumb Code    10  lcd.o(i.LCD_WriteRAM_Prepare)
    LCD_WriteReg                             0x08014e99   Thumb Code    10  lcd.o(i.LCD_WriteReg)
    LED_Init                                 0x08014ea9   Thumb Code   116  led.o(i.LED_Init)
    MemManage_Handler                        0x08014f29   Thumb Code     4  stm32f1xx_it.o(i.MemManage_Handler)
    NMI_Handler                              0x08014f2d   Thumb Code     2  stm32f1xx_it.o(i.NMI_Handler)
    PendSV_Handler                           0x08014f2f   Thumb Code     2  stm32f1xx_it.o(i.PendSV_Handler)
    RTC_Alarm_Set                            0x08014f59   Thumb Code   242  rtc.o(i.RTC_Alarm_Set)
    RTC_Get                                  0x080150dd   Thumb Code   242  rtc.o(i.RTC_Get)
    RTC_Get_Week                             0x080151e5   Thumb Code   116  rtc.o(i.RTC_Get_Week)
    RTC_IRQHandler                           0x0801525d   Thumb Code    88  rtc.o(i.RTC_IRQHandler)
    RTC_Init                                 0x080152c9   Thumb Code   138  rtc.o(i.RTC_Init)
    RTC_Set                                  0x08015369   Thumb Code   248  rtc.o(i.RTC_Set)
    STMFLASH_Read                            0x0801547d   Thumb Code    34  stmflash.o(i.STMFLASH_Read)
    STMFLASH_ReadHalfWord                    0x0801549f   Thumb Code     6  stmflash.o(i.STMFLASH_ReadHalfWord)
    STMFLASH_Write                           0x080154a5   Thumb Code   252  stmflash.o(i.STMFLASH_Write)
    STMFLASH_Write_NoCheck                   0x080155ad   Thumb Code    44  stmflash.o(i.STMFLASH_Write_NoCheck)
    SVC_Handler                              0x080155d9   Thumb Code     2  stm32f1xx_it.o(i.SVC_Handler)
    Stm32_Clock_Init                         0x080155db   Thumb Code    86  sys.o(i.Stm32_Clock_Init)
    SysTick_Handler                          0x08015631   Thumb Code     8  stm32f1xx_it.o(i.SysTick_Handler)
    SystemInit                               0x08015639   Thumb Code    70  system_stm32f1xx.o(i.SystemInit)
    TIM4_IRQHandler                          0x08015691   Thumb Code    58  usmart.o(i.TIM4_IRQHandler)
    TIM_Base_SetConfig                       0x080156d5   Thumb Code   134  stm32f1xx_hal_tim.o(i.TIM_Base_SetConfig)
    Timer4_Init                              0x08015771   Thumb Code    80  usmart.o(i.Timer4_Init)
    USART1_IRQHandler                        0x08015ad1   Thumb Code    56  usart.o(i.USART1_IRQHandler)
    UsageFault_Handler                       0x08015b19   Thumb Code     4  stm32f1xx_it.o(i.UsageFault_Handler)
    _is_digit                                0x08015b55   Thumb Code    14  __printf_wp.o(i._is_digit)
    _sys_exit                                0x08015b63   Thumb Code     4  usart.o(i._sys_exit)
    delay_init                               0x08015b69   Thumb Code    16  delay.o(i.delay_init)
    delay_ms                                 0x08015b7d   Thumb Code    24  delay.o(i.delay_ms)
    delay_us                                 0x08015b95   Thumb Code    68  delay.o(i.delay_us)
    fputc                                    0x08015bdd   Thumb Code    24  usart.o(i.fputc)
    iap_write_appbin                         0x08015bf9   Thumb Code    98  main.o(i.iap_write_appbin)
    main                                     0x08015c61   Thumb Code   404  main.o(i.main)
    ota_reboot                               0x08015f25   Thumb Code    20  main.o(i.ota_reboot)
    read_addr                                0x08015f39   Thumb Code     6  usmart.o(i.read_addr)
    uart_init                                0x08015f41   Thumb Code    44  usart.o(i.uart_init)
    usmart_cmd_rec                           0x08015f79   Thumb Code   170  usmart.o(i.usmart_cmd_rec)
    usmart_exe                               0x08016029   Thumb Code   632  usmart.o(i.usmart_exe)
    usmart_get_aparm                         0x080162fd   Thumb Code   212  usmart_str.o(i.usmart_get_aparm)
    usmart_get_cmdname                       0x080163d1   Thumb Code    54  usmart_str.o(i.usmart_get_cmdname)
    usmart_get_fname                         0x08016409   Thumb Code   440  usmart_str.o(i.usmart_get_fname)
    usmart_get_fparam                        0x080165c9   Thumb Code   262  usmart_str.o(i.usmart_get_fparam)
    usmart_get_parmpos                       0x080166d5   Thumb Code    26  usmart_str.o(i.usmart_get_parmpos)
    usmart_get_runtime                       0x080166f5   Thumb Code    58  usmart.o(i.usmart_get_runtime)
    usmart_init                              0x08016739   Thumb Code    36  usmart.o(i.usmart_init)
    usmart_pow                               0x08016761   Thumb Code    22  usmart_str.o(i.usmart_pow)
    usmart_reset_runtime                     0x08016779   Thumb Code    44  usmart.o(i.usmart_reset_runtime)
    usmart_scan                              0x080167ad   Thumb Code   120  usmart.o(i.usmart_scan)
    usmart_search_nextc                      0x08016869   Thumb Code    22  usmart_str.o(i.usmart_search_nextc)
    usmart_str2num                           0x0801687f   Thumb Code   262  usmart_str.o(i.usmart_str2num)
    usmart_strcmp                            0x08016985   Thumb Code    34  usmart_str.o(i.usmart_strcmp)
    usmart_strcopy                           0x080169a7   Thumb Code    22  usmart_str.o(i.usmart_strcopy)
    usmart_strlen                            0x080169bd   Thumb Code    24  usmart_str.o(i.usmart_strlen)
    usmart_sys_cmd_exe                       0x080169d5   Thumb Code  1570  usmart.o(i.usmart_sys_cmd_exe)
    write_addr                               0x080170c9   Thumb Code     4  usmart.o(i.write_addr)
    __aeabi_d2uiz                            0x080170cd   Thumb Code     0  dfixu.o(x$fpl$dfixu)
    _dfixu                                   0x080170cd   Thumb Code    90  dfixu.o(x$fpl$dfixu)
    __aeabi_ui2d                             0x08017127   Thumb Code     0  dflt_clz.o(x$fpl$dfltu)
    _dfltu                                   0x08017127   Thumb Code    38  dflt_clz.o(x$fpl$dfltu)
    __aeabi_dmul                             0x0801714d   Thumb Code     0  dmul.o(x$fpl$dmul)
    _dmul                                    0x0801714d   Thumb Code   332  dmul.o(x$fpl$dmul)
    __fpl_dnaninf                            0x080172a1   Thumb Code   156  dnaninf.o(x$fpl$dnaninf)
    __fpl_dretinf                            0x0801733d   Thumb Code    12  dretinf.o(x$fpl$dretinf)
    AHBPrescTable                            0x08017348   Data          16  system_stm32f1xx.o(.constdata)
    __I$use$fp                               0x08017348   Number         0  usenofp.o(x$fpl$usenofp)
    APBPrescTable                            0x08017358   Data           8  system_stm32f1xx.o(.constdata)
    asc2_1206                                0x08017360   Data        1140  lcd.o(.constdata)
    asc2_1608                                0x080177d4   Data        1520  lcd.o(.constdata)
    asc2_2412                                0x08017dc4   Data        3420  lcd.o(.constdata)
    asc2_3216                                0x08018b20   Data       12160  lcd.o(.constdata)
    table_week                               0x0801baa0   Data          12  rtc.o(.constdata)
    mon_table                                0x0801baac   Data          12  rtc.o(.constdata)
    Region$$Table$$Base                      0x0801bc0c   Number         0  anon$$obj.o(Region$$Table)
    Region$$Table$$Limit                     0x0801bc2c   Number         0  anon$$obj.o(Region$$Table)
    tbootloader_info                         0x20000000   Data           8  main.o(.data)
    tfirmware_info                           0x20000008   Data           4  main.o(.data)
    tfirmwaretest_info                       0x2000000c   Data           2  main.o(.data)
    SystemCoreClock                          0x20000010   Data           4  system_stm32f1xx.o(.data)
    uwTick                                   0x20000014   Data           4  stm32f1xx_hal.o(.data)
    uwTickPrio                               0x20000018   Data           4  stm32f1xx_hal.o(.data)
    uwTickFreq                               0x2000001c   Data           1  stm32f1xx_hal.o(.data)
    __stdout                                 0x20000024   Data           4  usart.o(.data)
    USART_RX_STA                             0x20000028   Data           2  usart.o(.data)
    USART_RX_CNT                             0x2000002c   Data           4  usart.o(.data)
    aRxBuffer                                0x20000030   Data           1  usart.o(.data)
    POINT_COLOR                              0x20000034   Data           4  lcd.o(.data)
    BACK_COLOR                               0x20000038   Data           4  lcd.o(.data)
    sys_cmd_tab                              0x20000040   Data          28  usmart.o(.data)
    usmart_nametab                           0x2000005c   Data          48  usmart_config.o(.data)
    usmart_dev                               0x2000008c   Data         244  usmart_config.o(.data)
    iapbuf                                   0x20000180   Data        2048  main.o(.bss)
    pFlash                                   0x20000980   Data          32  stm32f1xx_hal_flash.o(.bss)
    USART_RX_BUF                             0x200009a0   Data       56320  usart.o(.bss)
    UART1_Handler                            0x2000e5a0   Data          64  usart.o(.bss)
    TFTSRAM_Handler                          0x2000e5e0   Data          72  lcd.o(.bss)
    lcddev                                   0x2000e628   Data          14  lcd.o(.bss)
    RTC_Handler                              0x2000e638   Data          20  rtc.o(.bss)
    calendar                                 0x2000e64c   Data          10  rtc.o(.bss)
    STMFLASH_BUF                             0x2000e656   Data        2048  stmflash.o(.bss)
    TIM4_Handler                             0x2000ee58   Data          64  usmart.o(.bss)
    __libspace_start                         0x2000ee98   Data          96  libspace.o(.bss)
    __temporary_stack_top$libspace           0x2000eef8   Data           0  libspace.o(.bss)



==============================================================================

Memory Map of the image

  Image Entry point : 0x08010131

  Load Region LR_IROM1 (Base: 0x08010000, Size: 0x0000bdac, Max: 0x00070000, ABSOLUTE, COMPRESSED[0x0000bc94])

    Execution Region ER_IROM1 (Exec base: 0x08010000, Load base: 0x08010000, Size: 0x0000bc2c, Max: 0x00070000, ABSOLUTE)

    Exec Addr    Load Addr    Size         Type   Attr      Idx    E Section Name        Object

    0x08010000   0x08010000   0x00000130   Data   RO          413    RESET               startup_stm32f103xe.o
    0x08010130   0x08010130   0x00000008   Code   RO         4317  * !!!main             c_w.l(__main.o)
    0x08010138   0x08010138   0x00000034   Code   RO         4508    !!!scatter          c_w.l(__scatter.o)
    0x0801016c   0x0801016c   0x0000005a   Code   RO         4506    !!dczerorl2         c_w.l(__dczerorl2.o)
    0x080101c6   0x080101c6   0x00000002   PAD
    0x080101c8   0x080101c8   0x0000001c   Code   RO         4510    !!handler_zi        c_w.l(__scatter_zi.o)
    0x080101e4   0x080101e4   0x00000000   Code   RO         4312    .ARM.Collect$$_printf_percent$$00000000  c_w.l(_printf_percent.o)
    0x080101e4   0x080101e4   0x00000006   Code   RO         4310    .ARM.Collect$$_printf_percent$$00000009  c_w.l(_printf_d.o)
    0x080101ea   0x080101ea   0x00000006   Code   RO         4311    .ARM.Collect$$_printf_percent$$0000000A  c_w.l(_printf_u.o)
    0x080101f0   0x080101f0   0x00000006   Code   RO         4309    .ARM.Collect$$_printf_percent$$0000000C  c_w.l(_printf_x.o)
    0x080101f6   0x080101f6   0x00000006   Code   RO         4307    .ARM.Collect$$_printf_percent$$00000013  c_w.l(_printf_c.o)
    0x080101fc   0x080101fc   0x00000006   Code   RO         4308    .ARM.Collect$$_printf_percent$$00000014  c_w.l(_printf_s.o)
    0x08010202   0x08010202   0x00000004   Code   RO         4340    .ARM.Collect$$_printf_percent$$00000017  c_w.l(_printf_percent_end.o)
    0x08010206   0x08010206   0x00000002   Code   RO         4380    .ARM.Collect$$libinit$$00000000  c_w.l(libinit.o)
    0x08010208   0x08010208   0x00000000   Code   RO         4387    .ARM.Collect$$libinit$$00000002  c_w.l(libinit2.o)
    0x08010208   0x08010208   0x00000000   Code   RO         4389    .ARM.Collect$$libinit$$00000004  c_w.l(libinit2.o)
    0x08010208   0x08010208   0x00000000   Code   RO         4392    .ARM.Collect$$libinit$$0000000A  c_w.l(libinit2.o)
    0x08010208   0x08010208   0x00000000   Code   RO         4394    .ARM.Collect$$libinit$$0000000C  c_w.l(libinit2.o)
    0x08010208   0x08010208   0x00000000   Code   RO         4396    .ARM.Collect$$libinit$$0000000E  c_w.l(libinit2.o)
    0x08010208   0x08010208   0x00000000   Code   RO         4399    .ARM.Collect$$libinit$$00000011  c_w.l(libinit2.o)
    0x08010208   0x08010208   0x00000000   Code   RO         4401    .ARM.Collect$$libinit$$00000013  c_w.l(libinit2.o)
    0x08010208   0x08010208   0x00000000   Code   RO         4403    .ARM.Collect$$libinit$$00000015  c_w.l(libinit2.o)
    0x08010208   0x08010208   0x00000000   Code   RO         4405    .ARM.Collect$$libinit$$00000017  c_w.l(libinit2.o)
    0x08010208   0x08010208   0x00000000   Code   RO         4407    .ARM.Collect$$libinit$$00000019  c_w.l(libinit2.o)
    0x08010208   0x08010208   0x00000000   Code   RO         4409    .ARM.Collect$$libinit$$0000001B  c_w.l(libinit2.o)
    0x08010208   0x08010208   0x00000000   Code   RO         4411    .ARM.Collect$$libinit$$0000001D  c_w.l(libinit2.o)
    0x08010208   0x08010208   0x00000000   Code   RO         4413    .ARM.Collect$$libinit$$0000001F  c_w.l(libinit2.o)
    0x08010208   0x08010208   0x00000000   Code   RO         4415    .ARM.Collect$$libinit$$00000021  c_w.l(libinit2.o)
    0x08010208   0x08010208   0x00000000   Code   RO         4417    .ARM.Collect$$libinit$$00000023  c_w.l(libinit2.o)
    0x08010208   0x08010208   0x00000000   Code   RO         4419    .ARM.Collect$$libinit$$00000025  c_w.l(libinit2.o)
    0x08010208   0x08010208   0x00000000   Code   RO         4423    .ARM.Collect$$libinit$$0000002C  c_w.l(libinit2.o)
    0x08010208   0x08010208   0x00000000   Code   RO         4425    .ARM.Collect$$libinit$$0000002E  c_w.l(libinit2.o)
    0x08010208   0x08010208   0x00000000   Code   RO         4427    .ARM.Collect$$libinit$$00000030  c_w.l(libinit2.o)
    0x08010208   0x08010208   0x00000000   Code   RO         4429    .ARM.Collect$$libinit$$00000032  c_w.l(libinit2.o)
    0x08010208   0x08010208   0x00000002   Code   RO         4430    .ARM.Collect$$libinit$$00000033  c_w.l(libinit2.o)
    0x0801020a   0x0801020a   0x00000002   Code   RO         4448    .ARM.Collect$$libshutdown$$00000000  c_w.l(libshutdown.o)
    0x0801020c   0x0801020c   0x00000000   Code   RO         4458    .ARM.Collect$$libshutdown$$00000002  c_w.l(libshutdown2.o)
    0x0801020c   0x0801020c   0x00000000   Code   RO         4460    .ARM.Collect$$libshutdown$$00000004  c_w.l(libshutdown2.o)
    0x0801020c   0x0801020c   0x00000000   Code   RO         4463    .ARM.Collect$$libshutdown$$00000007  c_w.l(libshutdown2.o)
    0x0801020c   0x0801020c   0x00000000   Code   RO         4466    .ARM.Collect$$libshutdown$$0000000A  c_w.l(libshutdown2.o)
    0x0801020c   0x0801020c   0x00000000   Code   RO         4468    .ARM.Collect$$libshutdown$$0000000C  c_w.l(libshutdown2.o)
    0x0801020c   0x0801020c   0x00000000   Code   RO         4471    .ARM.Collect$$libshutdown$$0000000F  c_w.l(libshutdown2.o)
    0x0801020c   0x0801020c   0x00000002   Code   RO         4472    .ARM.Collect$$libshutdown$$00000010  c_w.l(libshutdown2.o)
    0x0801020e   0x0801020e   0x00000000   Code   RO         4333    .ARM.Collect$$rtentry$$00000000  c_w.l(__rtentry.o)
    0x0801020e   0x0801020e   0x00000000   Code   RO         4349    .ARM.Collect$$rtentry$$00000002  c_w.l(__rtentry2.o)
    0x0801020e   0x0801020e   0x00000006   Code   RO         4361    .ARM.Collect$$rtentry$$00000004  c_w.l(__rtentry4.o)
    0x08010214   0x08010214   0x00000000   Code   RO         4351    .ARM.Collect$$rtentry$$00000009  c_w.l(__rtentry2.o)
    0x08010214   0x08010214   0x00000004   Code   RO         4352    .ARM.Collect$$rtentry$$0000000A  c_w.l(__rtentry2.o)
    0x08010218   0x08010218   0x00000000   Code   RO         4354    .ARM.Collect$$rtentry$$0000000C  c_w.l(__rtentry2.o)
    0x08010218   0x08010218   0x00000008   Code   RO         4355    .ARM.Collect$$rtentry$$0000000D  c_w.l(__rtentry2.o)
    0x08010220   0x08010220   0x00000002   Code   RO         4384    .ARM.Collect$$rtexit$$00000000  c_w.l(rtexit.o)
    0x08010222   0x08010222   0x00000000   Code   RO         4432    .ARM.Collect$$rtexit$$00000002  c_w.l(rtexit2.o)
    0x08010222   0x08010222   0x00000004   Code   RO         4433    .ARM.Collect$$rtexit$$00000003  c_w.l(rtexit2.o)
    0x08010226   0x08010226   0x00000006   Code   RO         4434    .ARM.Collect$$rtexit$$00000004  c_w.l(rtexit2.o)
    0x0801022c   0x0801022c   0x00000040   Code   RO          414    .text               startup_stm32f103xe.o
    0x0801026c   0x0801026c   0x00000002   Code   RO         4250    .text               c_w.l(use_no_semi_2.o)
    0x0801026e   0x0801026e   0x00000026   Code   RO         4252    .text               c_w.l(llushr.o)
    0x08010294   0x08010294   0x00000018   Code   RO         4256    .text               c_w.l(noretval__2printf.o)
    0x080102ac   0x080102ac   0x0000004e   Code   RO         4260    .text               c_w.l(_printf_pad.o)
    0x080102fa   0x080102fa   0x00000052   Code   RO         4262    .text               c_w.l(_printf_str.o)
    0x0801034c   0x0801034c   0x00000078   Code   RO         4264    .text               c_w.l(_printf_dec.o)
    0x080103c4   0x080103c4   0x00000058   Code   RO         4269    .text               c_w.l(_printf_hex_int.o)
    0x0801041c   0x0801041c   0x00000188   Code   RO         4304    .text               c_w.l(__printf_flags_ss_wp.o)
    0x080105a4   0x080105a4   0x00000044   Code   RO         4313    .text               c_w.l(rt_memclr.o)
    0x080105e8   0x080105e8   0x00000006   Code   RO         4315    .text               c_w.l(heapauxi.o)
    0x080105ee   0x080105ee   0x00000002   Code   RO         4331    .text               c_w.l(use_no_semi.o)
    0x080105f0   0x080105f0   0x000000b2   Code   RO         4334    .text               c_w.l(_printf_intcommon.o)
    0x080106a2   0x080106a2   0x0000002c   Code   RO         4336    .text               c_w.l(_printf_char.o)
    0x080106ce   0x080106ce   0x00000002   PAD
    0x080106d0   0x080106d0   0x00000024   Code   RO         4338    .text               c_w.l(_printf_char_file.o)
    0x080106f4   0x080106f4   0x0000004e   Code   RO         4341    .text               c_w.l(rt_memclr_w.o)
    0x08010742   0x08010742   0x00000002   PAD
    0x08010744   0x08010744   0x00000030   Code   RO         4363    .text               c_w.l(_printf_char_common.o)
    0x08010774   0x08010774   0x00000008   Code   RO         4365    .text               c_w.l(ferror.o)
    0x0801077c   0x0801077c   0x0000004a   Code   RO         4369    .text               c_w.l(sys_stackheap_outer.o)
    0x080107c6   0x080107c6   0x00000012   Code   RO         4373    .text               c_w.l(exit.o)
    0x080107d8   0x080107d8   0x00000008   Code   RO         4381    .text               c_w.l(libspace.o)
    0x080107e0   0x080107e0   0x00000004   Code   RO          812    i.BusFault_Handler  stm32f1xx_it.o
    0x080107e4   0x080107e4   0x00000002   Code   RO          813    i.DebugMon_Handler  stm32f1xx_it.o
    0x080107e6   0x080107e6   0x00000002   PAD
    0x080107e8   0x080107e8   0x00000028   Code   RO         3340    i.FLASH_PageErase   stm32f1xx_hal_flash_ex.o
    0x08010810   0x08010810   0x00000020   Code   RO         3437    i.FLASH_Program_HalfWord  stm32f1xx_hal_flash.o
    0x08010830   0x08010830   0x00000084   Code   RO         3438    i.FLASH_SetErrorCode  stm32f1xx_hal_flash.o
    0x080108b4   0x080108b4   0x00000070   Code   RO         3439    i.FLASH_WaitForLastOperation  stm32f1xx_hal_flash.o
    0x08010924   0x08010924   0x00000044   Code   RO         2936    i.FSMC_NORSRAM_Extended_Timing_Init  stm32f1xx_ll_fsmc.o
    0x08010968   0x08010968   0x00000070   Code   RO         2937    i.FSMC_NORSRAM_Init  stm32f1xx_ll_fsmc.o
    0x080109d8   0x080109d8   0x00000042   Code   RO         2938    i.FSMC_NORSRAM_Timing_Init  stm32f1xx_ll_fsmc.o
    0x08010a1a   0x08010a1a   0x00000002   PAD
    0x08010a1c   0x08010a1c   0x000001a8   Code   RO          719    i.HAL_DMA_Abort_IT  stm32f1xx_hal_dma.o
    0x08010bc4   0x08010bc4   0x00000014   Code   RO         3443    i.HAL_FLASH_Lock    stm32f1xx_hal_flash.o
    0x08010bd8   0x08010bd8   0x000000b0   Code   RO         3448    i.HAL_FLASH_Program  stm32f1xx_hal_flash.o
    0x08010c88   0x08010c88   0x00000030   Code   RO         3450    i.HAL_FLASH_Unlock  stm32f1xx_hal_flash.o
    0x08010cb8   0x08010cb8   0x00000340   Code   RO          890    i.HAL_GPIO_Init     stm32f1xx_hal_gpio.o
    0x08010ff8   0x08010ff8   0x0000000c   Code   RO          894    i.HAL_GPIO_WritePin  stm32f1xx_hal_gpio.o
    0x08011004   0x08011004   0x0000000c   Code   RO          432    i.HAL_GetTick       stm32f1xx_hal.o
    0x08011010   0x08011010   0x00000018   Code   RO          438    i.HAL_IncTick       stm32f1xx_hal.o
    0x08011028   0x08011028   0x00000028   Code   RO          439    i.HAL_Init          stm32f1xx_hal.o
    0x08011050   0x08011050   0x0000004c   Code   RO          440    i.HAL_InitTick      stm32f1xx_hal.o
    0x0801109c   0x0801109c   0x00000002   Code   RO          260    i.HAL_MspInit       stm32f1xx_hal_msp.o
    0x0801109e   0x0801109e   0x00000020   Code   RO          597    i.HAL_NVIC_EnableIRQ  stm32f1xx_hal_cortex.o
    0x080110be   0x080110be   0x0000007c   Code   RO          603    i.HAL_NVIC_SetPriority  stm32f1xx_hal_cortex.o
    0x0801113a   0x0801113a   0x00000002   PAD
    0x0801113c   0x0801113c   0x00000028   Code   RO          604    i.HAL_NVIC_SetPriorityGrouping  stm32f1xx_hal_cortex.o
    0x08011164   0x08011164   0x00000044   Code   RO          605    i.HAL_NVIC_SystemReset  stm32f1xx_hal_cortex.o
    0x080111a8   0x080111a8   0x0000000c   Code   RO          996    i.HAL_PWR_EnableBkUpAccess  stm32f1xx_hal_pwr.o
    0x080111b4   0x080111b4   0x00000134   Code   RO         1222    i.HAL_RCCEx_GetPeriphCLKFreq  stm32f1xx_hal_rcc_ex.o
    0x080112e8   0x080112e8   0x0000012c   Code   RO         1223    i.HAL_RCCEx_PeriphCLKConfig  stm32f1xx_hal_rcc_ex.o
    0x08011414   0x08011414   0x0000018c   Code   RO         1115    i.HAL_RCC_ClockConfig  stm32f1xx_hal_rcc.o
    0x080115a0   0x080115a0   0x0000000c   Code   RO         1120    i.HAL_RCC_GetHCLKFreq  stm32f1xx_hal_rcc.o
    0x080115ac   0x080115ac   0x00000020   Code   RO         1122    i.HAL_RCC_GetPCLK1Freq  stm32f1xx_hal_rcc.o
    0x080115cc   0x080115cc   0x00000020   Code   RO         1123    i.HAL_RCC_GetPCLK2Freq  stm32f1xx_hal_rcc.o
    0x080115ec   0x080115ec   0x00000094   Code   RO         1124    i.HAL_RCC_GetSysClockFreq  stm32f1xx_hal_rcc.o
    0x08011680   0x08011680   0x00000464   Code   RO         1127    i.HAL_RCC_OscConfig  stm32f1xx_hal_rcc.o
    0x08011ae4   0x08011ae4   0x00000018   Code   RO         3229    i.HAL_RTCEx_BKUPRead  stm32f1xx_hal_rtc_ex.o
    0x08011afc   0x08011afc   0x00000018   Code   RO         3230    i.HAL_RTCEx_BKUPWrite  stm32f1xx_hal_rtc_ex.o
    0x08011b14   0x08011b14   0x000000d0   Code   RO         3062    i.HAL_RTC_Init      stm32f1xx_hal_rtc.o
    0x08011be4   0x08011be4   0x00000074   Code   RO         3928    i.HAL_RTC_MspInit   rtc.o
    0x08011c58   0x08011c58   0x00000040   Code   RO         3070    i.HAL_RTC_WaitForSynchro  stm32f1xx_hal_rtc.o
    0x08011c98   0x08011c98   0x0000005e   Code   RO         2797    i.HAL_SRAM_Init     stm32f1xx_hal_sram.o
    0x08011cf6   0x08011cf6   0x00000002   PAD
    0x08011cf8   0x08011cf8   0x000000bc   Code   RO         3707    i.HAL_SRAM_MspInit  lcd.o
    0x08011db4   0x08011db4   0x00000028   Code   RO          606    i.HAL_SYSTICK_CLKSourceConfig  stm32f1xx_hal_cortex.o
    0x08011ddc   0x08011ddc   0x00000034   Code   RO          608    i.HAL_SYSTICK_Config  stm32f1xx_hal_cortex.o
    0x08011e10   0x08011e10   0x00000034   Code   RO         1259    i.HAL_TIM_Base_Init  stm32f1xx_hal_tim.o
    0x08011e44   0x08011e44   0x00000002   Code   RO         1261    i.HAL_TIM_Base_MspInit  stm32f1xx_hal_tim.o
    0x08011e46   0x08011e46   0x0000002a   Code   RO         1264    i.HAL_TIM_Base_Start_IT  stm32f1xx_hal_tim.o
    0x08011e70   0x08011e70   0x00000002   Code   RO         2217    i.HAL_UART_ErrorCallback  stm32f1xx_hal_uart.o
    0x08011e72   0x08011e72   0x00000002   PAD
    0x08011e74   0x08011e74   0x0000014c   Code   RO         2220    i.HAL_UART_IRQHandler  stm32f1xx_hal_uart.o
    0x08011fc0   0x08011fc0   0x00000072   Code   RO         2221    i.HAL_UART_Init     stm32f1xx_hal_uart.o
    0x08012032   0x08012032   0x00000002   PAD
    0x08012034   0x08012034   0x000000a8   Code   RO         3624    i.HAL_UART_MspInit  usart.o
    0x080120dc   0x080120dc   0x00000070   Code   RO         2226    i.HAL_UART_Receive_IT  stm32f1xx_hal_uart.o
    0x0801214c   0x0801214c   0x00000002   Code   RO         2227    i.HAL_UART_RxCpltCallback  stm32f1xx_hal_uart.o
    0x0801214e   0x0801214e   0x00000002   Code   RO         2232    i.HAL_UART_TxCpltCallback  stm32f1xx_hal_uart.o
    0x08012150   0x08012150   0x00000004   Code   RO          814    i.HardFault_Handler  stm32f1xx_it.o
    0x08012154   0x08012154   0x00000004   Code   RO         3579    i.INTX_DISABLE      sys.o
    0x08012158   0x08012158   0x0000003a   Code   RO         3929    i.Is_Leap_Year      rtc.o
    0x08012192   0x08012192   0x00000002   PAD
    0x08012194   0x08012194   0x00000034   Code   RO         3709    i.LCD_Clear         lcd.o
    0x080121c8   0x080121c8   0x00000160   Code   RO         3713    i.LCD_Display_Dir   lcd.o
    0x08012328   0x08012328   0x00000108   Code   RO         3718    i.LCD_Fast_DrawPoint  lcd.o
    0x08012430   0x08012430   0x0000246c   Code   RO         3720    i.LCD_Init          lcd.o
    0x0801489c   0x0801489c   0x00000014   Code   RO         3722    i.LCD_RD_DATA       lcd.o
    0x080148b0   0x080148b0   0x00000054   Code   RO         3725    i.LCD_SSD_BackLightSet  lcd.o
    0x08014904   0x08014904   0x00000274   Code   RO         3726    i.LCD_Scan_Dir      lcd.o
    0x08014b78   0x08014b78   0x00000138   Code   RO         3727    i.LCD_SetCursor     lcd.o
    0x08014cb0   0x08014cb0   0x0000013c   Code   RO         3729    i.LCD_ShowChar      lcd.o
    0x08014dec   0x08014dec   0x00000066   Code   RO         3731    i.LCD_ShowString    lcd.o
    0x08014e52   0x08014e52   0x00000002   PAD
    0x08014e54   0x08014e54   0x00000018   Code   RO         3733    i.LCD_WR_DATA       lcd.o
    0x08014e6c   0x08014e6c   0x00000018   Code   RO         3734    i.LCD_WR_REG        lcd.o
    0x08014e84   0x08014e84   0x00000014   Code   RO         3736    i.LCD_WriteRAM_Prepare  lcd.o
    0x08014e98   0x08014e98   0x00000010   Code   RO         3737    i.LCD_WriteReg      lcd.o
    0x08014ea8   0x08014ea8   0x00000080   Code   RO         3683    i.LED_Init          led.o
    0x08014f28   0x08014f28   0x00000004   Code   RO          815    i.MemManage_Handler  stm32f1xx_it.o
    0x08014f2c   0x08014f2c   0x00000002   Code   RO          816    i.NMI_Handler       stm32f1xx_it.o
    0x08014f2e   0x08014f2e   0x00000002   Code   RO          817    i.PendSV_Handler    stm32f1xx_it.o
    0x08014f30   0x08014f30   0x00000028   Code   RO         1128    i.RCC_Delay         stm32f1xx_hal_rcc.o
    0x08014f58   0x08014f58   0x00000110   Code   RO         3930    i.RTC_Alarm_Set     rtc.o
    0x08015068   0x08015068   0x0000003a   Code   RO         3074    i.RTC_EnterInitMode  stm32f1xx_hal_rtc.o
    0x080150a2   0x080150a2   0x0000003a   Code   RO         3075    i.RTC_ExitInitMode  stm32f1xx_hal_rtc.o
    0x080150dc   0x080150dc   0x00000108   Code   RO         3931    i.RTC_Get           rtc.o
    0x080151e4   0x080151e4   0x00000078   Code   RO         3932    i.RTC_Get_Week      rtc.o
    0x0801525c   0x0801525c   0x0000006c   Code   RO         3933    i.RTC_IRQHandler    rtc.o
    0x080152c8   0x080152c8   0x000000a0   Code   RO         3934    i.RTC_Init          rtc.o
    0x08015368   0x08015368   0x00000114   Code   RO         3935    i.RTC_Set           rtc.o
    0x0801547c   0x0801547c   0x00000022   Code   RO         4002    i.STMFLASH_Read     stmflash.o
    0x0801549e   0x0801549e   0x00000006   Code   RO         4003    i.STMFLASH_ReadHalfWord  stmflash.o
    0x080154a4   0x080154a4   0x00000108   Code   RO         4004    i.STMFLASH_Write    stmflash.o
    0x080155ac   0x080155ac   0x0000002c   Code   RO         4005    i.STMFLASH_Write_NoCheck  stmflash.o
    0x080155d8   0x080155d8   0x00000002   Code   RO          818    i.SVC_Handler       stm32f1xx_it.o
    0x080155da   0x080155da   0x00000056   Code   RO         3581    i.Stm32_Clock_Init  sys.o
    0x08015630   0x08015630   0x00000008   Code   RO          819    i.SysTick_Handler   stm32f1xx_it.o
    0x08015638   0x08015638   0x00000058   Code   RO          296    i.SystemInit        system_stm32f1xx.o
    0x08015690   0x08015690   0x00000044   Code   RO         4053    i.TIM4_IRQHandler   usmart.o
    0x080156d4   0x080156d4   0x0000009c   Code   RO         1347    i.TIM_Base_SetConfig  stm32f1xx_hal_tim.o
    0x08015770   0x08015770   0x0000005c   Code   RO         4054    i.Timer4_Init       usmart.o
    0x080157cc   0x080157cc   0x00000014   Code   RO         2234    i.UART_DMAAbortOnError  stm32f1xx_hal_uart.o
    0x080157e0   0x080157e0   0x00000020   Code   RO         2244    i.UART_EndRxTransfer  stm32f1xx_hal_uart.o
    0x08015800   0x08015800   0x00000020   Code   RO         2245    i.UART_EndTransmit_IT  stm32f1xx_hal_uart.o
    0x08015820   0x08015820   0x000000a6   Code   RO         2247    i.UART_Receive_IT   stm32f1xx_hal_uart.o
    0x080158c6   0x080158c6   0x00000002   PAD
    0x080158c8   0x080158c8   0x000001a0   Code   RO         2248    i.UART_SetConfig    stm32f1xx_hal_uart.o
    0x08015a68   0x08015a68   0x00000068   Code   RO         2249    i.UART_Transmit_IT  stm32f1xx_hal_uart.o
    0x08015ad0   0x08015ad0   0x00000048   Code   RO         3625    i.USART1_IRQHandler  usart.o
    0x08015b18   0x08015b18   0x00000004   Code   RO          820    i.UsageFault_Handler  stm32f1xx_it.o
    0x08015b1c   0x08015b1c   0x00000010   Code   RO          610    i.__NVIC_GetPriorityGrouping  stm32f1xx_hal_cortex.o
    0x08015b2c   0x08015b2c   0x00000028   Code   RO          611    i.__NVIC_SetPriority  stm32f1xx_hal_cortex.o
    0x08015b54   0x08015b54   0x0000000e   Code   RO         4297    i._is_digit         c_w.l(__printf_wp.o)
    0x08015b62   0x08015b62   0x00000004   Code   RO         3626    i._sys_exit         usart.o
    0x08015b66   0x08015b66   0x00000002   PAD
    0x08015b68   0x08015b68   0x00000014   Code   RO         3540    i.delay_init        delay.o
    0x08015b7c   0x08015b7c   0x00000018   Code   RO         3541    i.delay_ms          delay.o
    0x08015b94   0x08015b94   0x00000048   Code   RO         3542    i.delay_us          delay.o
    0x08015bdc   0x08015bdc   0x0000001c   Code   RO         3627    i.fputc             usart.o
    0x08015bf8   0x08015bf8   0x00000068   Code   RO            4    i.iap_write_appbin  main.o
    0x08015c60   0x08015c60   0x000002c4   Code   RO            5    i.main              main.o
    0x08015f24   0x08015f24   0x00000014   Code   RO            6    i.ota_reboot        main.o
    0x08015f38   0x08015f38   0x00000006   Code   RO         4055    i.read_addr         usmart.o
    0x08015f3e   0x08015f3e   0x00000002   PAD
    0x08015f40   0x08015f40   0x00000038   Code   RO         3628    i.uart_init         usart.o
    0x08015f78   0x08015f78   0x000000b0   Code   RO         4056    i.usmart_cmd_rec    usmart.o
    0x08016028   0x08016028   0x000002d4   Code   RO         4057    i.usmart_exe        usmart.o
    0x080162fc   0x080162fc   0x000000d4   Code   RO         4167    i.usmart_get_aparm  usmart_str.o
    0x080163d0   0x080163d0   0x00000036   Code   RO         4168    i.usmart_get_cmdname  usmart_str.o
    0x08016406   0x08016406   0x00000002   PAD
    0x08016408   0x08016408   0x000001c0   Code   RO         4169    i.usmart_get_fname  usmart_str.o
    0x080165c8   0x080165c8   0x0000010c   Code   RO         4170    i.usmart_get_fparam  usmart_str.o
    0x080166d4   0x080166d4   0x00000020   Code   RO         4171    i.usmart_get_parmpos  usmart_str.o
    0x080166f4   0x080166f4   0x00000044   Code   RO         4058    i.usmart_get_runtime  usmart.o
    0x08016738   0x08016738   0x00000028   Code   RO         4059    i.usmart_init       usmart.o
    0x08016760   0x08016760   0x00000016   Code   RO         4172    i.usmart_pow        usmart_str.o
    0x08016776   0x08016776   0x00000002   PAD
    0x08016778   0x08016778   0x00000034   Code   RO         4060    i.usmart_reset_runtime  usmart.o
    0x080167ac   0x080167ac   0x000000bc   Code   RO         4061    i.usmart_scan       usmart.o
    0x08016868   0x08016868   0x00000016   Code   RO         4173    i.usmart_search_nextc  usmart_str.o
    0x0801687e   0x0801687e   0x00000106   Code   RO         4174    i.usmart_str2num    usmart_str.o
    0x08016984   0x08016984   0x00000022   Code   RO         4175    i.usmart_strcmp     usmart_str.o
    0x080169a6   0x080169a6   0x00000016   Code   RO         4176    i.usmart_strcopy    usmart_str.o
    0x080169bc   0x080169bc   0x00000018   Code   RO         4177    i.usmart_strlen     usmart_str.o
    0x080169d4   0x080169d4   0x000006f4   Code   RO         4062    i.usmart_sys_cmd_exe  usmart.o
    0x080170c8   0x080170c8   0x00000004   Code   RO         4063    i.write_addr        usmart.o
    0x080170cc   0x080170cc   0x0000005a   Code   RO         4319    x$fpl$dfixu         fz_ws.l(dfixu.o)
    0x08017126   0x08017126   0x00000026   Code   RO         4323    x$fpl$dfltu         fz_ws.l(dflt_clz.o)
    0x0801714c   0x0801714c   0x00000154   Code   RO         4329    x$fpl$dmul          fz_ws.l(dmul.o)
    0x080172a0   0x080172a0   0x0000009c   Code   RO         4343    x$fpl$dnaninf       fz_ws.l(dnaninf.o)
    0x0801733c   0x0801733c   0x0000000c   Code   RO         4345    x$fpl$dretinf       fz_ws.l(dretinf.o)
    0x08017348   0x08017348   0x00000000   Code   RO         4347    x$fpl$usenofp       fz_ws.l(usenofp.o)
    0x08017348   0x08017348   0x00000018   Data   RO          297    .constdata          system_stm32f1xx.o
    0x08017360   0x08017360   0x00004740   Data   RO         3740    .constdata          lcd.o
    0x0801baa0   0x0801baa0   0x00000018   Data   RO         3937    .constdata          rtc.o
    0x0801bab8   0x0801bab8   0x00000028   Data   RO         4270    .constdata          c_w.l(_printf_hex_int.o)
    0x0801bae0   0x0801bae0   0x00000011   Data   RO         4305    .constdata          c_w.l(__printf_flags_ss_wp.o)
    0x0801baf1   0x0801baf1   0x00000003   PAD
    0x0801baf4   0x0801baf4   0x00000028   Data   RO         4065    .conststring        usmart.o
    0x0801bb1c   0x0801bb1c   0x000000ef   Data   RO         4142    .conststring        usmart_config.o
    0x0801bc0b   0x0801bc0b   0x00000001   PAD
    0x0801bc0c   0x0801bc0c   0x00000020   Data   RO         4504    Region$$Table       anon$$obj.o


    Execution Region RW_IRAM1 (Exec base: 0x20000000, Load base: 0x0801bc2c, Size: 0x0000f4f8, Max: 0x00010000, ABSOLUTE, COMPRESSED[0x00000068])

    Exec Addr    Load Addr    Size         Type   Attr      Idx    E Section Name        Object

    0x20000000   COMPRESSED   0x0000000e   Data   RW            8    .data               main.o
    0x2000000e   COMPRESSED   0x00000002   PAD
    0x20000010   COMPRESSED   0x00000004   Data   RW          298    .data               system_stm32f1xx.o
    0x20000014   COMPRESSED   0x00000009   Data   RW          446    .data               stm32f1xx_hal.o
    0x2000001d   COMPRESSED   0x00000003   PAD
    0x20000020   COMPRESSED   0x00000004   Data   RW         3543    .data               delay.o
    0x20000024   COMPRESSED   0x0000000d   Data   RW         3630    .data               usart.o
    0x20000031   COMPRESSED   0x00000003   PAD
    0x20000034   COMPRESSED   0x00000008   Data   RW         3741    .data               lcd.o
    0x2000003c   COMPRESSED   0x00000002   Data   RW         3938    .data               rtc.o
    0x2000003e   COMPRESSED   0x00000002   PAD
    0x20000040   COMPRESSED   0x0000001c   Data   RW         4066    .data               usmart.o
    0x2000005c   COMPRESSED   0x00000124   Data   RW         4143    .data               usmart_config.o
    0x20000180        -       0x00000800   Zero   RW            7    .bss                main.o
    0x20000980        -       0x00000020   Zero   RW         3451    .bss                stm32f1xx_hal_flash.o
    0x200009a0        -       0x0000dc40   Zero   RW         3629    .bss                usart.o
    0x2000e5e0        -       0x00000056   Zero   RW         3739    .bss                lcd.o
    0x2000e636   COMPRESSED   0x00000002   PAD
    0x2000e638        -       0x0000001e   Zero   RW         3936    .bss                rtc.o
    0x2000e656        -       0x00000800   Zero   RW         4007    .bss                stmflash.o
    0x2000ee56   COMPRESSED   0x00000002   PAD
    0x2000ee58        -       0x00000040   Zero   RW         4064    .bss                usmart.o
    0x2000ee98        -       0x00000060   Zero   RW         4382    .bss                c_w.l(libspace.o)
    0x2000eef8        -       0x00000200   Zero   RW          412    HEAP                startup_stm32f103xe.o
    0x2000f0f8        -       0x00000400   Zero   RW          411    STACK               startup_stm32f103xe.o


==============================================================================

Image component sizes


      Code (inc. data)   RO Data    RW Data    ZI Data      Debug   Object Name

       116          8          0          4          0       1799   delay.o
     11726        192      18240          8         86      17458   lcd.o
       128         12          0          0          0        859   led.o
       832        310          0         14       2048     511615   main.o
      1374        134         24          2         30       6728   rtc.o
        64         26        304          0       1536        784   startup_stm32f103xe.o
       152         32          0          9          0       5793   stm32f1xx_hal.o
       412         30          0          0          0      30316   stm32f1xx_hal_cortex.o
       424         10          0          0          0       1203   stm32f1xx_hal_dma.o
       520         48          0          0         32       4082   stm32f1xx_hal_flash.o
        40          8          0          0          0        550   stm32f1xx_hal_flash_ex.o
       844         40          0          0          0       2652   stm32f1xx_hal_gpio.o
         2          0          0          0          0        398   stm32f1xx_hal_msp.o
        12          4          0          0          0        499   stm32f1xx_hal_pwr.o
      1784        110          0          0          0       5916   stm32f1xx_hal_rcc.o
       608         44          0          0          0       2373   stm32f1xx_hal_rcc_ex.o
       388          6          0          0          0       3224   stm32f1xx_hal_rtc.o
        48         10          0          0          0       1731   stm32f1xx_hal_rtc_ex.o
        94          0          0          0          0       1168   stm32f1xx_hal_sram.o
       252         22          0          0          0       2912   stm32f1xx_hal_tim.o
      1334         10          0          0          0       8045   stm32f1xx_hal_uart.o
        32          0          0          0          0       3602   stm32f1xx_it.o
       246         12          0          0          0       3715   stm32f1xx_ll_fsmc.o
       348         12          0          0       2048       3481   stmflash.o
        90          0          0          0          0       1082   sys.o
        88         18         24          4          0       1035   system_stm32f1xx.o
       328         44          0         13      56384       4632   usart.o
      3198       1354         40         28         64       7351   usmart.o
         0          0        239        292          0       1532   usmart_config.o
      1400         20          0          0          0       8449   usmart_str.o

    ----------------------------------------------------------------------
     26910       2516      18904        384      62232     644984   Object Totals
         0          0         32          0          0          0   (incl. Generated)
        26          0          1         10          4          0   (incl. Padding)

    ----------------------------------------------------------------------

      Code (inc. data)   RO Data    RW Data    ZI Data      Debug   Library Member Name

        90          0          0          0          0          0   __dczerorl2.o
         8          0          0          0          0         68   __main.o
       392          4         17          0          0         92   __printf_flags_ss_wp.o
        14          0          0          0          0         68   __printf_wp.o
         0          0          0          0          0          0   __rtentry.o
        12          0          0          0          0          0   __rtentry2.o
         6          0          0          0          0          0   __rtentry4.o
        52          8          0          0          0          0   __scatter.o
        28          0          0          0          0          0   __scatter_zi.o
         6          0          0          0          0          0   _printf_c.o
        44          0          0          0          0        108   _printf_char.o
        48          6          0          0          0         96   _printf_char_common.o
        36          4          0          0          0         80   _printf_char_file.o
         6          0          0          0          0          0   _printf_d.o
       120         16          0          0          0         92   _printf_dec.o
        88          4         40          0          0         88   _printf_hex_int.o
       178          0          0          0          0         88   _printf_intcommon.o
        78          0          0          0          0        108   _printf_pad.o
         0          0          0          0          0          0   _printf_percent.o
         4          0          0          0          0          0   _printf_percent_end.o
         6          0          0          0          0          0   _printf_s.o
        82          0          0          0          0         80   _printf_str.o
         6          0          0          0          0          0   _printf_u.o
         6          0          0          0          0          0   _printf_x.o
        18          0          0          0          0         80   exit.o
         8          0          0          0          0         68   ferror.o
         6          0          0          0          0        152   heapauxi.o
         2          0          0          0          0          0   libinit.o
         2          0          0          0          0          0   libinit2.o
         2          0          0          0          0          0   libshutdown.o
         2          0          0          0          0          0   libshutdown2.o
         8          4          0          0         96         68   libspace.o
        38          0          0          0          0         68   llushr.o
        24          4          0          0          0         84   noretval__2printf.o
        68          0          0          0          0         68   rt_memclr.o
        78          0          0          0          0         80   rt_memclr_w.o
         2          0          0          0          0          0   rtexit.o
        10          0          0          0          0          0   rtexit2.o
        74          0          0          0          0         80   sys_stackheap_outer.o
         2          0          0          0          0         68   use_no_semi.o
         2          0          0          0          0         68   use_no_semi_2.o
        90          4          0          0          0         92   dfixu.o
        38          0          0          0          0         68   dflt_clz.o
       340         12          0          0          0        104   dmul.o
       156          4          0          0          0         92   dnaninf.o
        12          0          0          0          0         68   dretinf.o
         0          0          0          0          0          0   usenofp.o

    ----------------------------------------------------------------------
      2298         70         60          0         96       2276   Library Totals
         6          0          3          0          0          0   (incl. Padding)

    ----------------------------------------------------------------------

      Code (inc. data)   RO Data    RW Data    ZI Data      Debug   Library Name

      1656         50         57          0         96       1852   c_w.l
       636         20          0          0          0        424   fz_ws.l

    ----------------------------------------------------------------------
      2298         70         60          0         96       2276   Library Totals

    ----------------------------------------------------------------------

==============================================================================


      Code (inc. data)   RO Data    RW Data    ZI Data      Debug   

     29208       2586      18964        384      62328     639560   Grand Totals
     29208       2586      18964        104      62328     639560   ELF Image Totals (compressed)
     29208       2586      18964        104          0          0   ROM Totals

==============================================================================

    Total RO  Size (Code + RO Data)                48172 (  47.04kB)
    Total RW  Size (RW Data + ZI Data)             62712 (  61.24kB)
    Total ROM Size (Code + RO Data + RW Data)      48276 (  47.14kB)

==============================================================================

